../Core/Src/RelayInit.c:12:6:Relay_pHpwr	16	static
../Core/Src/RelayInit.c:18:6:Relay_pHADCpwr	16	static
../Core/Src/RelayInit.c:23:6:Relay_Ecpwr	16	static
../Core/Src/RelayInit.c:27:6:Relay_EcADCpwr	16	static
../Core/Src/RelayInit.c:32:6:RS484_MOIENABLE_TX	16	static
../Core/Src/RelayInit.c:36:6:TP4_ENABLE_TX	16	static
../Core/Src/RelayInit.c:43:6:Rly_valve_F	16	static
../Core/Src/RelayInit.c:47:6:Rly_valve_R	16	static
../Core/Src/RelayInit.c:51:6:EcA_Pump_trigger	16	static
../Core/Src/RelayInit.c:56:6:EcB_Pump_trigger	16	static
../Core/Src/RelayInit.c:61:6:pHDown_Pump_trigger	16	static
../Core/Src/RelayInit.c:67:6:pHup_Pump_trigger	16	static
../Core/Src/RelayInit.c:73:6:Waterpump_trigger	16	static
../Core/Src/RelayInit.c:80:6:sensor_pwr_5v	16	static
../Core/Src/RelayInit.c:86:6:sensor_pwr_3v	16	static
../Core/Src/RelayInit.c:92:6:FA_ENABLE_TX	16	static
../Core/Src/RelayInit.c:99:6:light	16	static
../Core/Src/RelayInit.c:106:6:PH_4	16	static
../Core/Src/RelayInit.c:113:6:PH_7	16	static
../Core/Src/RelayInit.c:120:6:EC_LED	16	static
../Core/Src/RelayInit.c:127:6:calibration_fail	16	static
../Core/Src/RelayInit.c:132:6:macro_nutrient	16	static
../Core/Src/RelayInit.c:138:6:micro_nutrient	16	static
