Archive member included to satisfy reference by file (symbol)

C:/ST/STM32CubeIDE_1.18.0/STM32CubeIDE/plugins/com.st.stm32cube.ide.mcu.externaltools.gnu-tools-for-stm32.13.3.rel1.win32_1.0.0.202411081344/tools/bin/../lib/gcc/arm-none-eabi/13.3.1/../../../../arm-none-eabi/lib/thumb/v6-m/nofp\libc_nano.a(libc_a-atof.o)
                              ./Core/Src/FA_RS485.o (atof)
C:/ST/STM32CubeIDE_1.18.0/STM32CubeIDE/plugins/com.st.stm32cube.ide.mcu.externaltools.gnu-tools-for-stm32.13.3.rel1.win32_1.0.0.202411081344/tools/bin/../lib/gcc/arm-none-eabi/13.3.1/../../../../arm-none-eabi/lib/thumb/v6-m/nofp\libc_nano.a(libc_a-atoi.o)
                              ./Core/Src/FA_RS485.o (atoi)
C:/ST/STM32CubeIDE_1.18.0/STM32CubeIDE/plugins/com.st.stm32cube.ide.mcu.externaltools.gnu-tools-for-stm32.13.3.rel1.win32_1.0.0.202411081344/tools/bin/../lib/gcc/arm-none-eabi/13.3.1/../../../../arm-none-eabi/lib/thumb/v6-m/nofp\libc_nano.a(libc_a-atol.o)
                              ./Core/Src/FA_RS485.o (atol)
C:/ST/STM32CubeIDE_1.18.0/STM32CubeIDE/plugins/com.st.stm32cube.ide.mcu.externaltools.gnu-tools-for-stm32.13.3.rel1.win32_1.0.0.202411081344/tools/bin/../lib/gcc/arm-none-eabi/13.3.1/../../../../arm-none-eabi/lib/thumb/v6-m/nofp\libc_nano.a(libc_a-exit.o)
                              C:/ST/STM32CubeIDE_1.18.0/STM32CubeIDE/plugins/com.st.stm32cube.ide.mcu.externaltools.gnu-tools-for-stm32.13.3.rel1.win32_1.0.0.202411081344/tools/bin/../lib/gcc/arm-none-eabi/13.3.1/../../../../arm-none-eabi/lib/thumb/v6-m/nofp/crt0.o (exit)
C:/ST/STM32CubeIDE_1.18.0/STM32CubeIDE/plugins/com.st.stm32cube.ide.mcu.externaltools.gnu-tools-for-stm32.13.3.rel1.win32_1.0.0.202411081344/tools/bin/../lib/gcc/arm-none-eabi/13.3.1/../../../../arm-none-eabi/lib/thumb/v6-m/nofp\libc_nano.a(libc_a-strtod.o)
                              C:/ST/STM32CubeIDE_1.18.0/STM32CubeIDE/plugins/com.st.stm32cube.ide.mcu.externaltools.gnu-tools-for-stm32.13.3.rel1.win32_1.0.0.202411081344/tools/bin/../lib/gcc/arm-none-eabi/13.3.1/../../../../arm-none-eabi/lib/thumb/v6-m/nofp\libc_nano.a(libc_a-atof.o) (strtod)
C:/ST/STM32CubeIDE_1.18.0/STM32CubeIDE/plugins/com.st.stm32cube.ide.mcu.externaltools.gnu-tools-for-stm32.13.3.rel1.win32_1.0.0.202411081344/tools/bin/../lib/gcc/arm-none-eabi/13.3.1/../../../../arm-none-eabi/lib/thumb/v6-m/nofp\libc_nano.a(libc_a-strtol.o)
                              C:/ST/STM32CubeIDE_1.18.0/STM32CubeIDE/plugins/com.st.stm32cube.ide.mcu.externaltools.gnu-tools-for-stm32.13.3.rel1.win32_1.0.0.202411081344/tools/bin/../lib/gcc/arm-none-eabi/13.3.1/../../../../arm-none-eabi/lib/thumb/v6-m/nofp\libc_nano.a(libc_a-atoi.o) (_strtol_r)
C:/ST/STM32CubeIDE_1.18.0/STM32CubeIDE/plugins/com.st.stm32cube.ide.mcu.externaltools.gnu-tools-for-stm32.13.3.rel1.win32_1.0.0.202411081344/tools/bin/../lib/gcc/arm-none-eabi/13.3.1/../../../../arm-none-eabi/lib/thumb/v6-m/nofp\libc_nano.a(libc_a-ctype_.o)
                              C:/ST/STM32CubeIDE_1.18.0/STM32CubeIDE/plugins/com.st.stm32cube.ide.mcu.externaltools.gnu-tools-for-stm32.13.3.rel1.win32_1.0.0.202411081344/tools/bin/../lib/gcc/arm-none-eabi/13.3.1/../../../../arm-none-eabi/lib/thumb/v6-m/nofp\libc_nano.a(libc_a-strtol.o) (_ctype_)
C:/ST/STM32CubeIDE_1.18.0/STM32CubeIDE/plugins/com.st.stm32cube.ide.mcu.externaltools.gnu-tools-for-stm32.13.3.rel1.win32_1.0.0.202411081344/tools/bin/../lib/gcc/arm-none-eabi/13.3.1/../../../../arm-none-eabi/lib/thumb/v6-m/nofp\libc_nano.a(libc_a-nano-vfprintf_float.o)
                              (_printf_float)
C:/ST/STM32CubeIDE_1.18.0/STM32CubeIDE/plugins/com.st.stm32cube.ide.mcu.externaltools.gnu-tools-for-stm32.13.3.rel1.win32_1.0.0.202411081344/tools/bin/../lib/gcc/arm-none-eabi/13.3.1/../../../../arm-none-eabi/lib/thumb/v6-m/nofp\libc_nano.a(libc_a-nano-vfprintf_i.o)
                              C:/ST/STM32CubeIDE_1.18.0/STM32CubeIDE/plugins/com.st.stm32cube.ide.mcu.externaltools.gnu-tools-for-stm32.13.3.rel1.win32_1.0.0.202411081344/tools/bin/../lib/gcc/arm-none-eabi/13.3.1/../../../../arm-none-eabi/lib/thumb/v6-m/nofp\libc_nano.a(libc_a-nano-vfprintf_float.o) (_printf_common)
C:/ST/STM32CubeIDE_1.18.0/STM32CubeIDE/plugins/com.st.stm32cube.ide.mcu.externaltools.gnu-tools-for-stm32.13.3.rel1.win32_1.0.0.202411081344/tools/bin/../lib/gcc/arm-none-eabi/13.3.1/../../../../arm-none-eabi/lib/thumb/v6-m/nofp\libc_nano.a(libc_a-findfp.o)
                              C:/ST/STM32CubeIDE_1.18.0/STM32CubeIDE/plugins/com.st.stm32cube.ide.mcu.externaltools.gnu-tools-for-stm32.13.3.rel1.win32_1.0.0.202411081344/tools/bin/../lib/gcc/arm-none-eabi/13.3.1/../../../../arm-none-eabi/lib/thumb/v6-m/nofp\libc_nano.a(libc_a-exit.o) (__stdio_exit_handler)
C:/ST/STM32CubeIDE_1.18.0/STM32CubeIDE/plugins/com.st.stm32cube.ide.mcu.externaltools.gnu-tools-for-stm32.13.3.rel1.win32_1.0.0.202411081344/tools/bin/../lib/gcc/arm-none-eabi/13.3.1/../../../../arm-none-eabi/lib/thumb/v6-m/nofp\libc_nano.a(libc_a-fwalk.o)
[...]
Memory Configuration

Name             Origin             Length             Attributes
RAM              0x20000000         0x00009000         xrw
FLASH            0x08000000         0x00020000         xr
*default*        0x00000000         0xffffffff

Linker script and memory map

LOAD C:/ST/STM32CubeIDE_1.18.0/STM32CubeIDE/plugins/com.st.stm32cube.ide.mcu.externaltools.gnu-tools-for-stm32.13.3.rel1.win32_1.0.0.202411081344/tools/bin/../lib/gcc/arm-none-eabi/13.3.1/thumb/v6-m/nofp/crti.o
LOAD C:/ST/STM32CubeIDE_1.18.0/STM32CubeIDE/plugins/com.st.stm32cube.ide.mcu.externaltools.gnu-tools-for-stm32.13.3.rel1.win32_1.0.0.202411081344/tools/bin/../lib/gcc/arm-none-eabi/13.3.1/thumb/v6-m/nofp/crtbegin.o
LOAD C:/ST/STM32CubeIDE_1.18.0/STM32CubeIDE/plugins/com.st.stm32cube.ide.mcu.externaltools.gnu-tools-for-stm32.13.3.rel1.win32_1.0.0.202411081344/tools/bin/../lib/gcc/arm-none-eabi/13.3.1/../../../../arm-none-eabi/lib/thumb/v6-m/nofp/crt0.o
LOAD ./Core/Src/Digital_input.o
LOAD ./Core/Src/EC_Sensor.o
LOAD ./Core/Src/EEPROM.o
LOAD ./Core/Src/Error_Handling.o
LOAD ./Core/Src/FA_RS485.o
LOAD ./Core/Src/HTU21D.o
LOAD ./Core/Src/PH_Sensor.o
LOAD ./Core/Src/RelayInit.o
LOAD ./Core/Src/Rtcupdate.o
LOAD ./Core/Src/Soil_moisture.o
LOAD ./Core/Src/VEML7700.o
LOAD ./Core/Src/WaterTempSensor.o
LOAD ./Core/Src/callibration.o
LOAD ./Core/Src/main.o
LOAD ./Core/Src/stm32g0xx_hal_msp.o
LOAD ./Core/Src/stm32g0xx_it.o
LOAD ./Core/Src/sys_control.o
LOAD ./Core/Src/syscalls.o
LOAD ./Core/Src/sysmem.o
LOAD ./Core/Src/system_stm32g0xx.o
LOAD ./Core/Src/uart_2.o
LOAD ./Core/Startup/startup_stm32g071rbtx.o
LOAD ./Drivers/STM32G0xx_HAL_Driver/Src/stm32g0xx_hal.o
LOAD ./Drivers/STM32G0xx_HAL_Driver/Src/stm32g0xx_hal_adc.o
LOAD ./Drivers/STM32G0xx_HAL_Driver/Src/stm32g0xx_hal_adc_ex.o
LOAD ./Drivers/STM32G0xx_HAL_Driver/Src/stm32g0xx_hal_cortex.o
LOAD ./Drivers/STM32G0xx_HAL_Driver/Src/stm32g0xx_hal_dma.o
LOAD ./Drivers/STM32G0xx_HAL_Driver/Src/stm32g0xx_hal_dma_ex.o
LOAD ./Drivers/STM32G0xx_HAL_Driver/Src/stm32g0xx_hal_exti.o
LOAD ./Drivers/STM32G0xx_HAL_Driver/Src/stm32g0xx_hal_flash.o
LOAD ./Drivers/STM32G0xx_HAL_Driver/Src/stm32g0xx_hal_flash_ex.o
LOAD ./Drivers/STM32G0xx_HAL_Driver/Src/stm32g0xx_hal_gpio.o
LOAD ./Drivers/STM32G0xx_HAL_Driver/Src/stm32g0xx_hal_i2c.o
LOAD ./Drivers/STM32G0xx_HAL_Driver/Src/stm32g0xx_hal_i2c_ex.o
LOAD ./Drivers/STM32G0xx_HAL_Driver/Src/stm32g0xx_hal_iwdg.o
LOAD ./Drivers/STM32G0xx_HAL_Driver/Src/stm32g0xx_hal_pwr.o
LOAD ./Drivers/STM32G0xx_HAL_Driver/Src/stm32g0xx_hal_pwr_ex.o
LOAD ./Drivers/STM32G0xx_HAL_Driver/Src/stm32g0xx_hal_rcc.o
LOAD ./Drivers/STM32G0xx_HAL_Driver/Src/stm32g0xx_hal_rcc_ex.o
LOAD ./Drivers/STM32G0xx_HAL_Driver/Src/stm32g0xx_hal_rtc.o
LOAD ./Drivers/STM32G0xx_HAL_Driver/Src/stm32g0xx_hal_rtc_ex.o
LOAD ./Drivers/STM32G0xx_HAL_Driver/Src/stm32g0xx_hal_tim.o
LOAD ./Drivers/STM32G0xx_HAL_Driver/Src/stm32g0xx_hal_tim_ex.o
LOAD ./Drivers/STM32G0xx_HAL_Driver/Src/stm32g0xx_hal_uart.o
LOAD ./Drivers/STM32G0xx_HAL_Driver/Src/stm32g0xx_hal_uart_ex.o
LOAD ./Drivers/STM32G0xx_HAL_Driver/Src/stm32g0xx_ll_adc.o
LOAD ./Drivers/STM32G0xx_HAL_Driver/Src/stm32g0xx_ll_rcc.o
START GROUP
LOAD C:/ST/STM32CubeIDE_1.18.0/STM32CubeIDE/plugins/com.st.stm32cube.ide.mcu.externaltools.gnu-tools-for-stm32.13.3.rel1.win32_1.0.0.202411081344/tools/bin/../lib/gcc/arm-none-eabi/13.3.1/../../../../arm-none-eabi/lib/thumb/v6-m/nofp\libc_nano.a
LOAD C:/ST/STM32CubeIDE_1.18.0/STM32CubeIDE/plugins/com.st.stm32cube.ide.mcu.externaltools.gnu-tools-for-stm32.13.3.rel1.win32_1.0.0.202411081344/tools/bin/../lib/gcc/arm-none-eabi/13.3.1/../../../../arm-none-eabi/lib/thumb/v6-m/nofp\libm.a
END GROUP
START GROUP
LOAD C:/ST/STM32CubeIDE_1.18.0/STM32CubeIDE/plugins/com.st.stm32cube.ide.mcu.externaltools.gnu-tools-for-stm32.13.3.rel1.win32_1.0.0.202411081344/tools/bin/../lib/gcc/arm-none-eabi/13.3.1/thumb/v6-m/nofp\libgcc.a
LOAD C:/ST/STM32CubeIDE_1.18.0/STM32CubeIDE/plugins/com.st.stm32cube.ide.mcu.externaltools.gnu-tools-for-stm32.13.3.rel1.win32_1.0.0.202411081344/tools/bin/../lib/gcc/arm-none-eabi/13.3.1/../../../../arm-none-eabi/lib/thumb/v6-m/nofp\libc_nano.a
END GROUP
START GROUP
LOAD C:/ST/STM32CubeIDE_1.18.0/STM32CubeIDE/plugins/com.st.stm32cube.ide.mcu.externaltools.gnu-tools-for-stm32.13.3.rel1.win32_1.0.0.202411081344/tools/bin/../lib/gcc/arm-none-eabi/13.3.1/thumb/v6-m/nofp\libgcc.a
LOAD C:/ST/STM32CubeIDE_1.18.0/STM32CubeIDE/plugins/com.st.stm32cube.ide.mcu.externaltools.gnu-tools-for-stm32.13.3.rel1.win32_1.0.0.202411081344/tools/bin/../lib/gcc/arm-none-eabi/13.3.1/../../../../arm-none-eabi/lib/thumb/v6-m/nofp\libc_nano.a
LOAD C:/ST/STM32CubeIDE_1.18.0/STM32CubeIDE/plugins/com.st.stm32cube.ide.mcu.externaltools.gnu-tools-for-stm32.13.3.rel1.win32_1.0.0.202411081344/tools/bin/../lib/gcc/arm-none-eabi/13.3.1/../../../../arm-none-eabi/lib/thumb/v6-m/nofp\libnosys.a
END GROUP
START GROUP
LOAD C:/ST/STM32CubeIDE_1.18.0/STM32CubeIDE/plugins/com.st.stm32cube.ide.mcu.externaltools.gnu-tools-for-stm32.13.3.rel1.win32_1.0.0.202411081344/tools/bin/../lib/gcc/arm-none-eabi/13.3.1/thumb/v6-m/nofp\libgcc.a
LOAD C:/ST/STM32CubeIDE_1.18.0/STM32CubeIDE/plugins/com.st.stm32cube.ide.mcu.externaltools.gnu-tools-for-stm32.13.3.rel1.win32_1.0.0.202411081344/tools/bin/../lib/gcc/arm-none-eabi/13.3.1/../../../../arm-none-eabi/lib/thumb/v6-m/nofp\libc_nano.a
LOAD C:/ST/STM32CubeIDE_1.18.0/STM32CubeIDE/plugins/com.st.stm32cube.ide.mcu.externaltools.gnu-tools-for-stm32.13.3.rel1.win32_1.0.0.202411081344/tools/bin/../lib/gcc/arm-none-eabi/13.3.1/../../../../arm-none-eabi/lib/thumb/v6-m/nofp\libnosys.a
END GROUP
LOAD C:/ST/STM32CubeIDE_1.18.0/STM32CubeIDE/plugins/com.st.stm32cube.ide.mcu.externaltools.gnu-tools-for-stm32.13.3.rel1.win32_1.0.0.202411081344/tools/bin/../lib/gcc/arm-none-eabi/13.3.1/thumb/v6-m/nofp/crtend.o
LOAD C:/ST/STM32CubeIDE_1.18.0/STM32CubeIDE/plugins/com.st.stm32cube.ide.mcu.externaltools.gnu-tools-for-stm32.13.3.rel1.win32_1.0.0.202411081344/tools/bin/../lib/gcc/arm-none-eabi/13.3.1/thumb/v6-m/nofp/crtn.o
                0x20009000                        _estack = (ORIGIN (RAM) + LENGTH (RAM))
                0x00000200                        _Min_Heap_Size = 0x200
                0x00000400                        _Min_Stack_Size = 0x400

.isr_vector     0x08000000       0xbc
                0x08000000                        . = ALIGN (0x4)
 *(.isr_vector)
 .isr_vector    0x08000000       0xbc ./Core/Startup/startup_stm32g071rbtx.o
                0x08000000                g_pfnVectors
                0x080000bc                        . = ALIGN (0x4)

.text           0x080000c0    0x16d30
                0x080000c0                        . = ALIGN (0x4)
 *(.text)
 .text          0x080000c0       0x48 C:/ST/STM32CubeIDE_1.18.0/STM32CubeIDE/plugins/com.st.stm32cube.ide.mcu.externaltools.gnu-tools-for-stm32.13.3.rel1.win32_1.0.0.202411081344/tools/bin/../lib/gcc/arm-none-eabi/13.3.1/thumb/v6-m/nofp/crtbegin.o
 .text          0x08000108        0xe C:/ST/STM32CubeIDE_1.18.0/STM32CubeIDE/plugins/com.st.stm32cube.ide.mcu.externaltools.gnu-tools-for-stm32.13.3.rel1.win32_1.0.0.202411081344/tools/bin/../lib/gcc/arm-none-eabi/13.3.1/../../../../arm-none-eabi/lib/thumb/v6-m/nofp\libc_nano.a(libc_a-strlen.o)
                0x08000108                strlen
 *fill*         0x08000116        0x2 
 .text          0x08000118       0x14 C:/ST/STM32CubeIDE_1.18.0/STM32CubeIDE/plugins/com.st.stm32cube.ide.mcu.externaltools.gnu-tools-for-stm32.13.3.rel1.win32_1.0.0.202411081344/tools/bin/../lib/gcc/arm-none-eabi/13.3.1/thumb/v6-m/nofp\libgcc.a(_thumb1_case_uqi.o)
                0x08000118                __gnu_thumb1_case_uqi
 .text          0x0800012c       0x14 C:/ST/STM32CubeIDE_1.18.0/STM32CubeIDE/plugins/com.st.stm32cube.ide.mcu.externaltools.gnu-tools-for-stm32.13.3.rel1.win32_1.0.0.202411081344/tools/bin/../lib/gcc/arm-none-eabi/13.3.1/thumb/v6-m/nofp\libgcc.a(_thumb1_case_shi.o)
                0x0800012c                __gnu_thumb1_case_shi
 .text          0x08000140      0x114 C:/ST/STM32CubeIDE_1.18.0/STM32CubeIDE/plugins/com.st.stm32cube.ide.mcu.externaltools.gnu-tools-for-stm32.13.3.rel1.win32_1.0.0.202411081344/tools/bin/../lib/gcc/arm-none-eabi/13.3.1/thumb/v6-m/nofp\libgcc.a(_udivsi3.o)
                0x08000140                __aeabi_uidiv
                0x08000140                __udivsi3
                0x0800024c                __aeabi_uidivmod
 .text          0x08000254      0x1d4 C:/ST/STM32CubeIDE_1.18.0/STM32CubeIDE/plugins/com.st.stm32cube.ide.mcu.externaltools.gnu-tools-for-stm32.13.3.rel1.win32_1.0.0.202411081344/tools/bin/../lib/gcc/arm-none-eabi/13.3.1/thumb/v6-m/nofp\libgcc.a(_divsi3.o)
                0x08000254                __divsi3
                0x08000254                __aeabi_idiv
                0x08000420                __aeabi_idivmod
 .text          0x08000428        0x4 C:/ST/STM32CubeIDE_1.18.0/STM32CubeIDE/plugins/com.st.stm32cube.ide.mcu.externaltools.gnu-tools-for-stm32.13.3.rel1.win32_1.0.0.202411081344/tools/bin/../lib/gcc/arm-none-eabi/13.3.1/thumb/v6-m/nofp\libgcc.a(_dvmd_tls.o)
                0x08000428                __aeabi_idiv0
                0x08000428                __aeabi_ldiv0
 .text          0x0800042c       0x7c C:/ST/STM32CubeIDE_1.18.0/STM32CubeIDE/plugins/com.st.stm32cube.ide.mcu.externaltools.gnu-tools-for-stm32.13.3.rel1.win32_1.0.0.202411081344/tools/bin/../lib/gcc/arm-none-eabi/13.3.1/thumb/v6-m/nofp\libgcc.a(_arm_cmpdf2.o)
                0x0800042c                __aeabi_cdrcmple
                0x0800043c                __aeabi_cdcmple
                0x0800043c                __aeabi_cdcmpeq
                0x0800044c                __aeabi_dcmpeq
                0x08000458                __aeabi_dcmplt
                0x0800046c                __aeabi_dcmple
                0x08000480                __aeabi_dcmpgt
                0x08000494                __aeabi_dcmpge
 .text          0x080004a8       0x74 C:/ST/STM32CubeIDE_1.18.0/STM32CubeIDE/plugins/com.st.stm32cube.ide.mcu.externaltools.gnu-tools-for-stm32.13.3.rel1.win32_1.0.0.202411081344/tools/bin/../lib/gcc/arm-none-eabi/13.3.1/thumb/v6-m/nofp\libgcc.a(_arm_cmpsf2.o)
                0x080004a8                __aeabi_cfrcmple
                0x080004b0                __aeabi_cfcmpeq
                0x080004b0                __aeabi_cfcmple
                0x080004c0                __aeabi_fcmpeq
                0x080004cc                __aeabi_fcmplt
                0x080004e0                __aeabi_fcmple
                0x080004f4                __aeabi_fcmpgt
                0x08000508                __aeabi_fcmpge
 .text          0x0800051c       0x48 C:/ST/STM32CubeIDE_1.18.0/STM32CubeIDE/plugins/com.st.stm32cube.ide.mcu.externaltools.gnu-tools-for-stm32.13.3.rel1.win32_1.0.0.202411081344/tools/bin/../lib/gcc/arm-none-eabi/13.3.1/thumb/v6-m/nofp\libgcc.a(_aeabi_ldivmod.o)
                0x0800051c                __aeabi_ldivmod
 .text          0x08000564       0x40 C:/ST/STM32CubeIDE_1.18.0/STM32CubeIDE/plugins/com.st.stm32cube.ide.mcu.externaltools.gnu-tools-for-stm32.13.3.rel1.win32_1.0.0.202411081344/tools/bin/../lib/gcc/arm-none-eabi/13.3.1/thumb/v6-m/nofp\libgcc.a(_aeabi_uldivmod.o)
                0x08000564                __aeabi_uldivmod
 .text          0x080005a4       0x30 C:/ST/STM32CubeIDE_1.18.0/STM32CubeIDE/plugins/com.st.stm32cube.ide.mcu.externaltools.gnu-tools-for-stm32.13.3.rel1.win32_1.0.0.202411081344/tools/bin/../lib/gcc/arm-none-eabi/13.3.1/thumb/v6-m/nofp\libgcc.a(_fixunssfsi.o)
                0x080005a4                __fixunssfsi
                0x080005a4                __aeabi_f2uiz
 .text          0x080005d4       0x3c C:/ST/STM32CubeIDE_1.18.0/STM32CubeIDE/plugins/com.st.stm32cube.ide.mcu.externaltools.gnu-tools-for-stm32.13.3.rel1.win32_1.0.0.202411081344/tools/bin/../lib/gcc/arm-none-eabi/13.3.1/thumb/v6-m/nofp\libgcc.a(_fixunsdfsi.o)
                0x080005d4                __aeabi_d2uiz
                0x080005d4                __fixunsdfsi
 .text          0x08000610       0x38 C:/ST/STM32CubeIDE_1.18.0/STM32CubeIDE/plugins/com.st.stm32cube.ide.mcu.externaltools.gnu-tools-for-stm32.13.3.rel1.win32_1.0.0.202411081344/tools/bin/../lib/gcc/arm-none-eabi/13.3.1/thumb/v6-m/nofp\libgcc.a(_fixdfdi.o)
                0x08000610                __fixdfdi
                0x08000610                __aeabi_d2lz
 .text          0x08000648       0x40 C:/ST/STM32CubeIDE_1.18.0/STM32CubeIDE/plugins/com.st.stm32cube.ide.mcu.externaltools.gnu-tools-for-stm32.13.3.rel1.win32_1.0.0.202411081344/tools/bin/../lib/gcc/arm-none-eabi/13.3.1/thumb/v6-m/nofp\libgcc.a(_fixunssfdi.o)
                0x08000648                __fixunssfdi
                0x08000648                __aeabi_f2ulz
 .text          0x08000688       0x3c C:/ST/STM32CubeIDE_1.18.0/STM32CubeIDE/plugins/com.st.stm32cube.ide.mcu.externaltools.gnu-tools-for-stm32.13.3.rel1.win32_1.0.0.202411081344/tools/bin/../lib/gcc/arm-none-eabi/13.3.1/thumb/v6-m/nofp\libgcc.a(_fixunsdfdi.o)
                0x08000688                __fixunsdfdi
                0x08000688                __aeabi_d2ulz
 .text          0x080006c4       0x2c C:/ST/STM32CubeIDE_1.18.0/STM32CubeIDE/plugins/com.st.stm32cube.ide.mcu.externaltools.gnu-tools-for-stm32.13.3.rel1.win32_1.0.0.202411081344/tools/bin/../lib/gcc/arm-none-eabi/13.3.1/thumb/v6-m/nofp\libgcc.a(_floatdidf.o)
                0x080006c4                __aeabi_l2d
                0x080006c4                __floatdidf
 .text          0x080006f0      0x198 C:/ST/STM32CubeIDE_1.18.0/STM32CubeIDE/plugins/com.st.stm32cube.ide.mcu.externaltools.gnu-tools-for-stm32.13.3.rel1.win32_1.0.0.202411081344/tools/bin/../lib/gcc/arm-none-eabi/13.3.1/thumb/v6-m/nofp\libgcc.a(_udivmoddi4.o)
                0x080006f0                __udivmoddi4
 .text          0x08000888       0x3c C:/ST/STM32CubeIDE_1.18.0/STM32CubeIDE/plugins/com.st.stm32cube.ide.mcu.externaltools.gnu-tools-for-stm32.13.3.rel1.win32_1.0.0.202411081344/tools/bin/../lib/gcc/arm-none-eabi/13.3.1/thumb/v6-m/nofp\libgcc.a(bpabi.o)
                0x08000888                __gnu_ldivmod_helper
 .text          0x080008c4      0x3e4 C:/ST/STM32CubeIDE_1.18.0/STM32CubeIDE/plugins/com.st.stm32cube.ide.mcu.externaltools.gnu-tools-for-stm32.13.3.rel1.win32_1.0.0.202411081344/tools/bin/../lib/gcc/arm-none-eabi/13.3.1/thumb/v6-m/nofp\libgcc.a(addsf3.o)
                0x080008c4                __aeabi_fadd
 .text          0x08000ca8      0x22c C:/ST/STM32CubeIDE_1.18.0/STM32CubeIDE/plugins/com.st.stm32cube.ide.mcu.externaltools.gnu-tools-for-stm32.13.3.rel1.win32_1.0.0.202411081344/tools/bin/../lib/gcc/arm-none-eabi/13.3.1/thumb/v6-m/nofp\libgcc.a(divsf3.o)
                0x08000ca8                __aeabi_fdiv
 .text          0x08000ed4       0x50 C:/ST/STM32CubeIDE_1.18.0/STM32CubeIDE/plugins/com.st.stm32cube.ide.mcu.externaltools.gnu-tools-for-stm32.13.3.rel1.win32_1.0.0.202411081344/tools/bin/../lib/gcc/arm-none-eabi/13.3.1/thumb/v6-m/nofp\libgcc.a(eqsf2.o)
                0x08000ed4                __eqsf2
                0x08000ed4                __nesf2
 .text          0x08000f24       0x90 C:/ST/STM32CubeIDE_1.18.0/STM32CubeIDE/plugins/com.st.stm32cube.ide.mcu.externaltools.gnu-tools-for-stm32.13.3.rel1.win32_1.0.0.202411081344/tools/bin/../lib/gcc/arm-none-eabi/13.3.1/thumb/v6-m/nofp\libgcc.a(gesf2.o)
                0x08000f24                __gesf2
                0x08000f24                __gtsf2
 .text          0x08000fb4       0x90 C:/ST/STM32CubeIDE_1.18.0/STM32CubeIDE/plugins/com.st.stm32cube.ide.mcu.externaltools.gnu-tools-for-stm32.13.3.rel1.win32_1.0.0.202411081344/tools/bin/../lib/gcc/arm-none-eabi/13.3.1/thumb/v6-m/nofp\libgcc.a(lesf2.o)
                0x08000fb4                __ltsf2
                0x08000fb4                __lesf2
 .text          0x08001044      0x2b4 C:/ST/STM32CubeIDE_1.18.0/STM32CubeIDE/plugins/com.st.stm32cube.ide.mcu.externaltools.gnu-tools-for-stm32.13.3.rel1.win32_1.0.0.202411081344/tools/bin/../lib/gcc/arm-none-eabi/13.3.1/thumb/v6-m/nofp\libgcc.a(mulsf3.o)
                0x08001044                __aeabi_fmul
 .text          0x080012f8      0x4c8 C:/ST/STM32CubeIDE_1.18.0/STM32CubeIDE/plugins/com.st.stm32cube.ide.mcu.externaltools.gnu-tools-for-stm32.13.3.rel1.win32_1.0.0.202411081344/tools/bin/../lib/gcc/arm-none-eabi/13.3.1/thumb/v6-m/nofp\libgcc.a(subsf3.o)
                0x080012f8                __aeabi_fsub
 .text          0x080017c0       0x40 C:/ST/STM32CubeIDE_1.18.0/STM32CubeIDE/plugins/com.st.stm32cube.ide.mcu.externaltools.gnu-tools-for-stm32.13.3.rel1.win32_1.0.0.202411081344/tools/bin/../lib/gcc/arm-none-eabi/13.3.1/thumb/v6-m/nofp\libgcc.a(fixsfsi.o)
                0x080017c0                __aeabi_f2iz
 .text          0x08001800       0xa0 C:/ST/STM32CubeIDE_1.18.0/STM32CubeIDE/plugins/com.st.stm32cube.ide.mcu.externaltools.gnu-tools-for-stm32.13.3.rel1.win32_1.0.0.202411081344/tools/bin/../lib/gcc/arm-none-eabi/13.3.1/thumb/v6-m/nofp\libgcc.a(floatsisf.o)
                0x08001800                __aeabi_i2f
 .text          0x080018a0       0x8c C:/ST/STM32CubeIDE_1.18.0/STM32CubeIDE/plugins/com.st.stm32cube.ide.mcu.externaltools.gnu-tools-for-stm32.13.3.rel1.win32_1.0.0.202411081344/tools/bin/../lib/gcc/arm-none-eabi/13.3.1/thumb/v6-m/nofp\libgcc.a(floatunsisf.o)
                0x080018a0                __aeabi_ui2f
 .text          0x0800192c      0x78c C:/ST/STM32CubeIDE_1.18.0/STM32CubeIDE/plugins/com.st.stm32cube.ide.mcu.externaltools.gnu-tools-for-stm32.13.3.rel1.win32_1.0.0.202411081344/tools/bin/../lib/gcc/arm-none-eabi/13.3.1/thumb/v6-m/nofp\libgcc.a(adddf3.o)
                0x0800192c                __aeabi_dadd
 .text          0x080020b8      0x630 C:/ST/STM32CubeIDE_1.18.0/STM32CubeIDE/plugins/com.st.stm32cube.ide.mcu.externaltools.gnu-tools-for-stm32.13.3.rel1.win32_1.0.0.202411081344/tools/bin/../lib/gcc/arm-none-eabi/13.3.1/thumb/v6-m/nofp\libgcc.a(divdf3.o)
                0x080020b8                __aeabi_ddiv
 .text          0x080026e8       0x88 C:/ST/STM32CubeIDE_1.18.0/STM32CubeIDE/plugins/com.st.stm32cube.ide.mcu.externaltools.gnu-tools-for-stm32.13.3.rel1.win32_1.0.0.202411081344/tools/bin/../lib/gcc/arm-none-eabi/13.3.1/thumb/v6-m/nofp\libgcc.a(eqdf2.o)
                0x080026e8                __nedf2
                0x080026e8                __eqdf2
 .text          0x08002770       0xe0 C:/ST/STM32CubeIDE_1.18.0/STM32CubeIDE/plugins/com.st.stm32cube.ide.mcu.externaltools.gnu-tools-for-stm32.13.3.rel1.win32_1.0.0.202411081344/tools/bin/../lib/gcc/arm-none-eabi/13.3.1/thumb/v6-m/nofp\libgcc.a(gedf2.o)
                0x08002770                __gedf2
                0x08002770                __gtdf2
 .text          0x08002850       0xdc C:/ST/STM32CubeIDE_1.18.0/STM32CubeIDE/plugins/com.st.stm32cube.ide.mcu.externaltools.gnu-tools-for-stm32.13.3.rel1.win32_1.0.0.202411081344/tools/bin/../lib/gcc/arm-none-eabi/13.3.1/thumb/v6-m/nofp\libgcc.a(ledf2.o)
                0x08002850                __ledf2
                0x08002850                __ltdf2
 .text          0x0800292c      0x5cc C:/ST/STM32CubeIDE_1.18.0/STM32CubeIDE/plugins/com.st.stm32cube.ide.mcu.externaltools.gnu-tools-for-stm32.13.3.rel1.win32_1.0.0.202411081344/tools/bin/../lib/gcc/arm-none-eabi/13.3.1/thumb/v6-m/nofp\libgcc.a(muldf3.o)
                0x0800292c                __aeabi_dmul
 .text          0x08002ef8      0x814 C:/ST/STM32CubeIDE_1.18.0/STM32CubeIDE/plugins/com.st.stm32cube.ide.mcu.externaltools.gnu-tools-for-stm32.13.3.rel1.win32_1.0.0.202411081344/tools/bin/../lib/gcc/arm-none-eabi/13.3.1/thumb/v6-m/nofp\libgcc.a(subdf3.o)
                0x08002ef8                __aeabi_dsub
 .text          0x0800370c       0x44 C:/ST/STM32CubeIDE_1.18.0/STM32CubeIDE/plugins/com.st.stm32cube.ide.mcu.externaltools.gnu-tools-for-stm32.13.3.rel1.win32_1.0.0.202411081344/tools/bin/../lib/gcc/arm-none-eabi/13.3.1/thumb/v6-m/nofp\libgcc.a(unorddf2.o)
                0x0800370c                __aeabi_dcmpun
 .text          0x08003750       0x78 C:/ST/STM32CubeIDE_1.18.0/STM32CubeIDE/plugins/com.st.stm32cube.ide.mcu.externaltools.gnu-tools-for-stm32.13.3.rel1.win32_1.0.0.202411081344/tools/bin/../lib/gcc/arm-none-eabi/13.3.1/thumb/v6-m/nofp\libgcc.a(fixdfsi.o)
                0x08003750                __aeabi_d2iz
 .text          0x080037c8       0x5c C:/ST/STM32CubeIDE_1.18.0/STM32CubeIDE/plugins/com.st.stm32cube.ide.mcu.externaltools.gnu-tools-for-stm32.13.3.rel1.win32_1.0.0.202411081344/tools/bin/../lib/gcc/arm-none-eabi/13.3.1/thumb/v6-m/nofp\libgcc.a(floatsidf.o)
                0x080037c8                __aeabi_i2d
 .text          0x08003824       0x48 C:/ST/STM32CubeIDE_1.18.0/STM32CubeIDE/plugins/com.st.stm32cube.ide.mcu.externaltools.gnu-tools-for-stm32.13.3.rel1.win32_1.0.0.202411081344/tools/bin/../lib/gcc/arm-none-eabi/13.3.1/thumb/v6-m/nofp\libgcc.a(floatunsidf.o)
                0x08003824                __aeabi_ui2d
 .text          0x0800386c       0x90 C:/ST/STM32CubeIDE_1.18.0/STM32CubeIDE/plugins/com.st.stm32cube.ide.mcu.externaltools.gnu-tools-for-stm32.13.3.rel1.win32_1.0.0.202411081344/tools/bin/../lib/gcc/arm-none-eabi/13.3.1/thumb/v6-m/nofp\libgcc.a(extendsfdf2.o)
                0x0800386c                __aeabi_f2d
 .text          0x080038fc      0x104 C:/ST/STM32CubeIDE_1.18.0/STM32CubeIDE/plugins/com.st.stm32cube.ide.mcu.externaltools.gnu-tools-for-stm32.13.3.rel1.win32_1.0.0.202411081344/tools/bin/../lib/gcc/arm-none-eabi/13.3.1/thumb/v6-m/nofp\libgcc.a(truncdfsf2.o)
                0x080038fc                __aeabi_d2f
 .text          0x08003a00       0x3c C:/ST/STM32CubeIDE_1.18.0/STM32CubeIDE/plugins/com.st.stm32cube.ide.mcu.externaltools.gnu-tools-for-stm32.13.3.rel1.win32_1.0.0.202411081344/tools/bin/../lib/gcc/arm-none-eabi/13.3.1/thumb/v6-m/nofp\libgcc.a(_clzsi2.o)
                0x08003a00                __clzsi2
 .text          0x08003a3c       0x18 C:/ST/STM32CubeIDE_1.18.0/STM32CubeIDE/plugins/com.st.stm32cube.ide.mcu.externaltools.gnu-tools-for-stm32.13.3.rel1.win32_1.0.0.202411081344/tools/bin/../lib/gcc/arm-none-eabi/13.3.1/thumb/v6-m/nofp\libgcc.a(_clzdi2.o)
                0x08003a3c                __clzdi2
 .text          0x08003a54       0x5c C:/ST/STM32CubeIDE_1.18.0/STM32CubeIDE/plugins/com.st.stm32cube.ide.mcu.externaltools.gnu-tools-for-stm32.13.3.rel1.win32_1.0.0.202411081344/tools/bin/../lib/gcc/arm-none-eabi/13.3.1/thumb/v6-m/nofp\libgcc.a(_muldi3.o)
                0x08003a54                __muldi3
                0x08003a54                __aeabi_lmul
 .text          0x08003ab0      0x1d8 C:/ST/STM32CubeIDE_1.18.0/STM32CubeIDE/plugins/com.st.stm32cube.ide.mcu.externaltools.gnu-tools-for-stm32.13.3.rel1.win32_1.0.0.202411081344/tools/bin/../lib/gcc/arm-none-eabi/13.3.1/thumb/v6-m/nofp\libgcc.a(_divdi3.o)
                0x08003ab0                __divdi3
 *(.text*)
 .text.waterlevel1
                0x08003c88       0x24 ./Core/Src/Digital_input.o
                0x08003c88                waterlevel1
 .text.waterlevel2
                0x08003cac       0x24 ./Core/Src/Digital_input.o
                0x08003cac                waterlevel2
 .text.Ec_A_Level
                0x08003cd0       0x90 ./Core/Src/Digital_input.o
                0x08003cd0                Ec_A_Level
 .text.Ec_B_Level
                0x08003d60       0x8c ./Core/Src/Digital_input.o
                0x08003d60                Ec_B_Level
 .text.pH_Up_Level
                0x08003dec       0x88 ./Core/Src/Digital_input.o
                0x08003dec                pH_Up_Level
 .text.pH_Down_Level
                0x08003e74       0x88 ./Core/Src/Digital_input.o
                0x08003e74                pH_Down_Level
 .text.convertECfromAnalog
                0x08003efc      0x130 ./Core/Src/EC_Sensor.o
                0x08003efc                convertECfromAnalog
 .text.get_EC   0x0800402c      0x120 ./Core/Src/EC_Sensor.o
                0x0800402c                get_EC
 .text.write_EEPROM
                0x0800414c      0x654 ./Core/Src/EEPROM.o
                0x0800414c                write_EEPROM
 .text.read_EEPROM
                0x080047a0      0x2d8 ./Core/Src/EEPROM.o
                0x080047a0                read_EEPROM
 .text.backup_write_EEPROM
                0x08004a78      0x66c ./Core/Src/EEPROM.o
                0x08004a78                backup_write_EEPROM
 .text.backup_read_EEPROM
                0x080050e4      0x368 ./Core/Src/EEPROM.o
                0x080050e4                backup_read_EEPROM
 .text.TP4_Modbus_error
                0x0800544c       0x64 ./Core/Src/Error_Handling.o
                0x0800544c                TP4_Modbus_error
 .text.Light_Error
                0x080054b0       0x22 ./Core/Src/Error_Handling.o
                0x080054b0                Light_Error
 *fill*         0x080054d2        0x2 
 .text.HT_Error
                0x080054d4       0x28 ./Core/Src/Error_Handling.o
                0x080054d4                HT_Error
 .text.TP4_Terror
                0x080054fc       0x16 ./Core/Src/Error_Handling.o
                0x080054fc                TP4_Terror
 *fill*         0x08005512        0x2 
 .text.Ec_Error
                0x08005514       0x28 ./Core/Src/Error_Handling.o
                0x08005514                Ec_Error
 .text.pH_error
                0x0800553c       0x44 ./Core/Src/Error_Handling.o
                0x0800553c                pH_error
 .text.Check_CRC_FA
                0x08005580       0x74 ./Core/Src/FA_RS485.o
                0x08005580                Check_CRC_FA
 .text.Get_Register_Value
                0x080055f4      0x2f8 ./Core/Src/FA_RS485.o
                0x080055f4                Get_Register_Value
 .text.Modbus_StartReception
                0x080058ec       0x5c ./Core/Src/FA_RS485.o
                0x080058ec                Modbus_StartReception
 .text.HAL_UART_RxCpltCallback
                0x08005948       0xd4 ./Core/Src/FA_RS485.o
                0x08005948                HAL_UART_RxCpltCallback
 .text.Handle_Read_Registers
                0x08005a1c      0x148 ./Core/Src/FA_RS485.o
                0x08005a1c                Handle_Read_Registers
 .text.Handle_Write_Multiple_Registers
                0x08005b64      0x55c ./Core/Src/FA_RS485.o
                0x08005b64                Handle_Write_Multiple_Registers
 .text.Handle_Write_Single_Register
                0x080060c0      0x18c ./Core/Src/FA_RS485.o
                0x080060c0                Handle_Write_Single_Register
 .text.Process_Slave_Request
                0x0800624c      0x114 ./Core/Src/FA_RS485.o
                0x0800624c                Process_Slave_Request
 .text.Process_UART2_Command
                0x08006360      0x448 ./Core/Src/FA_RS485.o
                0x08006360                Process_UART2_Command
 .text.Send_Sensor_Data
                0x080067a8      0x14c ./Core/Src/FA_RS485.o
                0x080067a8                Send_Sensor_Data
 .text.Send_Status_Data
                0x080068f4      0x1d0 ./Core/Src/FA_RS485.o
                0x080068f4                Send_Status_Data
 .text.Send_Error_Data
                0x08006ac4      0x140 ./Core/Src/FA_RS485.o
                0x08006ac4                Send_Error_Data
 .text.Send_SoilMoisture
                0x08006c04      0x124 ./Core/Src/FA_RS485.o
                0x08006c04                Send_SoilMoisture
 .text.Handle_Setpoint_Frame
                0x08006d28      0x334 ./Core/Src/FA_RS485.o
                0x08006d28                Handle_Setpoint_Frame
 .text.Print_All_Variables
                0x0800705c       0x84 ./Core/Src/FA_RS485.o
                0x0800705c                Print_All_Variables
 .text.gethumidity
                0x080070e0       0xac ./Core/Src/HTU21D.o
                0x080070e0                gethumidity
 .text.get_Temp
                0x0800718c       0xac ./Core/Src/HTU21D.o
                0x0800718c                get_Temp
 .text.adc_sample
                0x08007238       0x80 ./Core/Src/HTU21D.o
                0x08007238                adc_sample
 .text.sortSamples
                0x080072b8       0x90 ./Core/Src/PH_Sensor.o
                0x080072b8                sortSamples
 .text.getMedian
                0x08007348       0x24 ./Core/Src/PH_Sensor.o
                0x08007348                getMedian
 .text.calculateConfidence
                0x0800736c       0x98 ./Core/Src/PH_Sensor.o
                0x0800736c                calculateConfidence
 .text.convertPHfromAnalog
                0x08007404       0xb8 ./Core/Src/PH_Sensor.o
                0x08007404                convertPHfromAnalog
 .text.get_PH   0x080074bc      0x1d4 ./Core/Src/PH_Sensor.o
                0x080074bc                get_PH
 .text.Relay_pHpwr
                0x08007690       0x28 ./Core/Src/RelayInit.o
                0x08007690                Relay_pHpwr
 .text.Relay_pHADCpwr
                0x080076b8       0x28 ./Core/Src/RelayInit.o
                0x080076b8                Relay_pHADCpwr
 .text.Relay_Ecpwr
                0x080076e0       0x28 ./Core/Src/RelayInit.o
                0x080076e0                Relay_Ecpwr
 .text.Relay_EcADCpwr
                0x08007708       0x28 ./Core/Src/RelayInit.o
                0x08007708                Relay_EcADCpwr
 .text.RS484_MOIENABLE_TX
                0x08007730       0x28 ./Core/Src/RelayInit.o
                0x08007730                RS484_MOIENABLE_TX
 .text.TP4_ENABLE_TX
                0x08007758       0x28 ./Core/Src/RelayInit.o
                0x08007758                TP4_ENABLE_TX
 .text.Rly_valve_F
                0x08007780       0x26 ./Core/Src/RelayInit.o
                0x08007780                Rly_valve_F
 *fill*         0x080077a6        0x2 
 .text.Rly_valve_R
                0x080077a8       0x28 ./Core/Src/RelayInit.o
                0x080077a8                Rly_valve_R
 .text.EcA_Pump_trigger
                0x080077d0       0x2c ./Core/Src/RelayInit.o
                0x080077d0                EcA_Pump_trigger
 .text.EcB_Pump_trigger
                0x080077fc       0x2c ./Core/Src/RelayInit.o
                0x080077fc                EcB_Pump_trigger
 .text.pHDown_Pump_trigger
                0x08007828       0x2c ./Core/Src/RelayInit.o
                0x08007828                pHDown_Pump_trigger
 .text.pHup_Pump_trigger
                0x08007854       0x28 ./Core/Src/RelayInit.o
                0x08007854                pHup_Pump_trigger
 .text.Waterpump_trigger
                0x0800787c       0x28 ./Core/Src/RelayInit.o
                0x0800787c                Waterpump_trigger
 .text.sensor_pwr_5v
                0x080078a4       0x28 ./Core/Src/RelayInit.o
                0x080078a4                sensor_pwr_5v
 .text.sensor_pwr_3v
                0x080078cc       0x28 ./Core/Src/RelayInit.o
                0x080078cc                sensor_pwr_3v
 .text.FA_ENABLE_TX
                0x080078f4       0x2c ./Core/Src/RelayInit.o
                0x080078f4                FA_ENABLE_TX
 .text.light    0x08007920       0x28 ./Core/Src/RelayInit.o
                0x08007920                light
 .text.PH_4     0x08007948       0x2c ./Core/Src/RelayInit.o
                0x08007948                PH_4
 .text.PH_7     0x08007974       0x2c ./Core/Src/RelayInit.o
                0x08007974                PH_7
 .text.EC_LED   0x080079a0       0x28 ./Core/Src/RelayInit.o
                0x080079a0                EC_LED
 .text.calibration_fail
                0x080079c8       0x28 ./Core/Src/RelayInit.o
                0x080079c8                calibration_fail
 .text.macro_nutrient
                0x080079f0       0x28 ./Core/Src/RelayInit.o
                0x080079f0                macro_nutrient
 .text.micro_nutrient
                0x08007a18       0x2c ./Core/Src/RelayInit.o
                0x08007a18                micro_nutrient
 .text.Set_RTC_From_Epoch
                0x08007a44       0xb4 ./Core/Src/Rtcupdate.o
                0x08007a44                Set_RTC_From_Epoch
 .text.Relay_Schedule_Control
                0x08007af8      0x17c ./Core/Src/Rtcupdate.o
                0x08007af8                Relay_Schedule_Control
 .text.micro_Macro
                0x08007c74      0x128 ./Core/Src/Rtcupdate.o
                0x08007c74                micro_Macro
 .text.ModbusCRC16
                0x08007d9c       0xe8 ./Core/Src/Soil_moisture.o
                0x08007d9c                ModbusCRC16
 .text.Check_CRC
                0x08007e84       0x7c ./Core/Src/Soil_moisture.o
                0x08007e84                Check_CRC
 .text.Send_MODBUS_Command
                0x08007f00       0xec ./Core/Src/Soil_moisture.o
                0x08007f00                Send_MODBUS_Command
 .text.Request_Consumption
                0x08007fec       0x7c ./Core/Src/Soil_moisture.o
                0x08007fec                Request_Consumption
 .text.Get_Consumption
                0x08008068      0x1b4 ./Core/Src/Soil_moisture.o
                0x08008068                Get_Consumption
 .text.Write_Single_Register
                0x0800821c      0x188 ./Core/Src/Soil_moisture.o
                0x0800821c                Write_Single_Register
 .text.writeRegister
                0x080083a4       0x56 ./Core/Src/VEML7700.o
 .text.readRegister
                0x080083fa       0x62 ./Core/Src/VEML7700.o
 .text.VEML7700_Power_On
                0x0800845c       0x1c ./Core/Src/VEML7700.o
                0x0800845c                VEML7700_Power_On
 .text.VEML7700_ReadALSData
                0x08008478       0x1c ./Core/Src/VEML7700.o
                0x08008478                VEML7700_ReadALSData
 .text.VEML7700_Convert2Lx
                0x08008494       0x54 ./Core/Src/VEML7700.o
                0x08008494                VEML7700_Convert2Lx
 .text.PowerOnVEML7700
                0x080084e8       0x22 ./Core/Src/VEML7700.o
                0x080084e8                PowerOnVEML7700
 .text.VEML7700_GetLx
                0x0800850a       0x3a ./Core/Src/VEML7700.o
                0x0800850a                VEML7700_GetLx
 .text.TEMP_delay
                0x08008544       0x34 ./Core/Src/WaterTempSensor.o
                0x08008544                TEMP_delay
 .text.ds18b20_init
                0x08008578       0xb4 ./Core/Src/WaterTempSensor.o
                0x08008578                ds18b20_init
 .text.ds18b20_write
                0x0800862c       0x90 ./Core/Src/WaterTempSensor.o
                0x0800862c                ds18b20_write
 .text.ds18b20_read
                0x080086bc       0xb0 ./Core/Src/WaterTempSensor.o
                0x080086bc                ds18b20_read
 .text.Temperature_Read
                0x0800876c       0xe8 ./Core/Src/WaterTempSensor.o
                0x0800876c                Temperature_Read
 .text.HAL_GPIO_EXTI_Falling_Callback
                0x08008854       0x38 ./Core/Src/callibration.o
                0x08008854                HAL_GPIO_EXTI_Falling_Callback
 .text.CheckButtonPress
                0x0800888c      0x348 ./Core/Src/callibration.o
                0x0800888c                CheckButtonPress
 .text.AnyLEDActive
                0x08008bd4       0x50 ./Core/Src/callibration.o
                0x08008bd4                AnyLEDActive
 .text.UpdateLEDTimers
                0x08008c24      0x100 ./Core/Src/callibration.o
                0x08008c24                UpdateLEDTimers
 .text.ThreeV_sensor
                0x08008d24      0x114 ./Core/Src/main.o
                0x08008d24                ThreeV_sensor
 .text.FiveV_sensor
                0x08008e38      0x180 ./Core/Src/main.o
                0x08008e38                FiveV_sensor
 .text.Read_Soil_Moisture_Step
                0x08008fb8       0xfc ./Core/Src/main.o
                0x08008fb8                Read_Soil_Moisture_Step
 .text.main     0x080090b4      0x1f0 ./Core/Src/main.o
                0x080090b4                main
 .text.SystemClock_Config
                0x080092a4       0xdc ./Core/Src/main.o
                0x080092a4                SystemClock_Config
 .text.MX_ADC1_Init
                0x08009380       0xe8 ./Core/Src/main.o
 .text.MX_I2C2_Init
                0x08009468       0x80 ./Core/Src/main.o
 .text.MX_IWDG_Init
                0x080094e8       0x40 ./Core/Src/main.o
 .text.MX_RTC_Init
                0x08009528       0x84 ./Core/Src/main.o
 .text.MX_TIM2_Init
                0x080095ac       0xa8 ./Core/Src/main.o
 .text.MX_TIM3_Init
                0x08009654       0xb0 ./Core/Src/main.o
 .text.MX_TIM6_Init
                0x08009704       0x7c ./Core/Src/main.o
 .text.MX_USART1_UART_Init
                0x08009780       0x9c ./Core/Src/main.o
 .text.MX_USART2_UART_Init
                0x0800981c       0x9c ./Core/Src/main.o
 .text.MX_USART3_UART_Init
                0x080098b8       0x68 ./Core/Src/main.o
 .text.MX_USART4_UART_Init
                0x08009920       0x68 ./Core/Src/main.o
 .text.MX_GPIO_Init
                0x08009988      0x1e0 ./Core/Src/main.o
 .text.MX_GPIO_Init_Input
                0x08009b68       0x60 ./Core/Src/main.o
                0x08009b68                MX_GPIO_Init_Input
 .text.MX_GPIO_Init_Output
                0x08009bc8       0x80 ./Core/Src/main.o
                0x08009bc8                MX_GPIO_Init_Output
 .text.PH_ADC1_Init
                0x08009c48       0xd8 ./Core/Src/main.o
                0x08009c48                PH_ADC1_Init
 .text.EC_ADC1_Init
                0x08009d20       0xd8 ./Core/Src/main.o
                0x08009d20                EC_ADC1_Init
 .text.Hum_ADC1_Init
                0x08009df8       0xd8 ./Core/Src/main.o
                0x08009df8                Hum_ADC1_Init
 .text.Temp_ADC1_Init
                0x08009ed0       0xd8 ./Core/Src/main.o
                0x08009ed0                Temp_ADC1_Init
 .text.HAL_TIM_PeriodElapsedCallback
                0x08009fa8      0x264 ./Core/Src/main.o
                0x08009fa8                HAL_TIM_PeriodElapsedCallback
 .text.Error_Handler
                0x0800a20c        0xc ./Core/Src/main.o
                0x0800a20c                Error_Handler
 .text.HAL_MspInit
                0x0800a218       0x48 ./Core/Src/stm32g0xx_hal_msp.o
                0x0800a218                HAL_MspInit
 .text.HAL_ADC_MspInit
                0x0800a260       0xa8 ./Core/Src/stm32g0xx_hal_msp.o
                0x0800a260                HAL_ADC_MspInit
 .text.HAL_I2C_MspInit
                0x0800a308       0x98 ./Core/Src/stm32g0xx_hal_msp.o
                0x0800a308                HAL_I2C_MspInit
 .text.HAL_RTC_MspInit
                0x0800a3a0       0x7c ./Core/Src/stm32g0xx_hal_msp.o
                0x0800a3a0                HAL_RTC_MspInit
 .text.HAL_TIM_Base_MspInit
                0x0800a41c       0xb8 ./Core/Src/stm32g0xx_hal_msp.o
                0x0800a41c                HAL_TIM_Base_MspInit
 .text.HAL_UART_MspInit
                0x0800a4d4      0x25c ./Core/Src/stm32g0xx_hal_msp.o
                0x0800a4d4                HAL_UART_MspInit
 .text.NMI_Handler
                0x0800a730        0x8 ./Core/Src/stm32g0xx_it.o
                0x0800a730                NMI_Handler
 .text.HardFault_Handler
                0x0800a738        0x8 ./Core/Src/stm32g0xx_it.o
                0x0800a738                HardFault_Handler
 .text.SVC_Handler
                0x0800a740        0xa ./Core/Src/stm32g0xx_it.o
                0x0800a740                SVC_Handler
 .text.PendSV_Handler
                0x0800a74a        0xa ./Core/Src/stm32g0xx_it.o
                0x0800a74a                PendSV_Handler
 .text.SysTick_Handler
                0x0800a754        0xe ./Core/Src/stm32g0xx_it.o
                0x0800a754                SysTick_Handler
 .text.EXTI4_15_IRQHandler
                0x0800a762       0x14 ./Core/Src/stm32g0xx_it.o
                0x0800a762                EXTI4_15_IRQHandler
 *fill*         0x0800a776        0x2 
 .text.TIM2_IRQHandler
                0x0800a778       0x18 ./Core/Src/stm32g0xx_it.o
                0x0800a778                TIM2_IRQHandler
 .text.TIM3_IRQHandler
                0x0800a790       0x18 ./Core/Src/stm32g0xx_it.o
                0x0800a790                TIM3_IRQHandler
 .text.TIM6_DAC_LPTIM1_IRQHandler
                0x0800a7a8       0x18 ./Core/Src/stm32g0xx_it.o
                0x0800a7a8                TIM6_DAC_LPTIM1_IRQHandler
 .text.USART1_IRQHandler
                0x0800a7c0       0x18 ./Core/Src/stm32g0xx_it.o
                0x0800a7c0                USART1_IRQHandler
 .text.USART2_IRQHandler
                0x0800a7d8       0x18 ./Core/Src/stm32g0xx_it.o
                0x0800a7d8                USART2_IRQHandler
 .text.waterlevel
                0x0800a7f0       0xd4 ./Core/Src/sys_control.o
                0x0800a7f0                waterlevel
 .text.valvecont
                0x0800a8c4      0x108 ./Core/Src/sys_control.o
                0x0800a8c4                valvecont
 .text.nutrientdosage
                0x0800a9cc      0x590 ./Core/Src/sys_control.o
                0x0800a9cc                nutrientdosage
 .text.waterpump
                0x0800af5c      0x1cc ./Core/Src/sys_control.o
                0x0800af5c                waterpump
 .text.ECpumperror
                0x0800b128       0x6c ./Core/Src/sys_control.o
                0x0800b128                ECpumperror
 .text.pHdownpumperror
                0x0800b194       0x6c ./Core/Src/sys_control.o
                0x0800b194                pHdownpumperror
 .text.pHuppumperror
                0x0800b200       0x6c ./Core/Src/sys_control.o
                0x0800b200                pHuppumperror
 .text.TP4_curtain_O_P
                0x0800b26c       0xc4 ./Core/Src/sys_control.o
                0x0800b26c                TP4_curtain_O_P
 .text.TP4_fogger_O_P
                0x0800b330       0xf4 ./Core/Src/sys_control.o
                0x0800b330                TP4_fogger_O_P
 .text.TP4_Decode_Outputs
                0x0800b424       0x70 ./Core/Src/sys_control.o
                0x0800b424                TP4_Decode_Outputs
 .text.TP4_cirulation_Fan
                0x0800b494       0x30 ./Core/Src/sys_control.o
                0x0800b494                TP4_cirulation_Fan
 .text._getpid  0x0800b4c4        0xc ./Core/Src/syscalls.o
                0x0800b4c4                _getpid
 .text._kill    0x0800b4d0       0x20 ./Core/Src/syscalls.o
                0x0800b4d0                _kill
 .text._exit    0x0800b4f0       0x1a ./Core/Src/syscalls.o
                0x0800b4f0                _exit
 .text._read    0x0800b50a       0x3a ./Core/Src/syscalls.o
                0x0800b50a                _read
 .text._write   0x0800b544       0x38 ./Core/Src/syscalls.o
                0x0800b544                _write
 .text._close   0x0800b57c       0x14 ./Core/Src/syscalls.o
                0x0800b57c                _close
 .text._fstat   0x0800b590       0x1c ./Core/Src/syscalls.o
                0x0800b590                _fstat
 .text._isatty  0x0800b5ac       0x12 ./Core/Src/syscalls.o
                0x0800b5ac                _isatty
 .text._lseek   0x0800b5be       0x16 ./Core/Src/syscalls.o
                0x0800b5be                _lseek
 .text._sbrk    0x0800b5d4       0x6c ./Core/Src/sysmem.o
                0x0800b5d4                _sbrk
 .text.SystemInit
                0x0800b640        0xa ./Core/Src/system_stm32g0xx.o
                0x0800b640                SystemInit
 *fill*         0x0800b64a        0x2 
 .text.Reset_Handler
                0x0800b64c       0x50 ./Core/Startup/startup_stm32g071rbtx.o
                0x0800b64c                Reset_Handler
 .text.Default_Handler
                0x0800b69c        0x2 ./Core/Startup/startup_stm32g071rbtx.o
                0x0800b69c                USART3_4_LPUART1_IRQHandler
                0x0800b69c                TIM1_CC_IRQHandler
                0x0800b69c                ADC1_COMP_IRQHandler
                0x0800b69c                PVD_IRQHandler
                0x0800b69c                I2C1_IRQHandler
                0x0800b69c                TIM7_LPTIM2_IRQHandler
                0x0800b69c                RTC_TAMP_IRQHandler
                0x0800b69c                SPI1_IRQHandler
                0x0800b69c                EXTI2_3_IRQHandler
                0x0800b69c                I2C2_IRQHandler
                0x0800b69c                TIM17_IRQHandler
                0x0800b69c                TIM16_IRQHandler
                0x0800b69c                RCC_IRQHandler
                0x0800b69c                DMA1_Channel1_IRQHandler
                0x0800b69c                Default_Handler
                0x0800b69c                CEC_IRQHandler
                0x0800b69c                TIM14_IRQHandler
                0x0800b69c                TIM15_IRQHandler
                0x0800b69c                EXTI0_1_IRQHandler
                0x0800b69c                SPI2_IRQHandler
                0x0800b69c                WWDG_IRQHandler
                0x0800b69c                DMA1_Ch4_7_DMAMUX1_OVR_IRQHandler
                0x0800b69c                DMA1_Channel2_3_IRQHandler
                0x0800b69c                UCPD1_2_IRQHandler
                0x0800b69c                FLASH_IRQHandler
                0x0800b69c                TIM1_BRK_UP_TRG_COM_IRQHandler
 *fill*         0x0800b69e        0x2 
 .text.HAL_Init
                0x0800b6a0       0x40 ./Drivers/STM32G0xx_HAL_Driver/Src/stm32g0xx_hal.o
                0x0800b6a0                HAL_Init
 .text.HAL_InitTick
                0x0800b6e0       0x94 ./Drivers/STM32G0xx_HAL_Driver/Src/stm32g0xx_hal.o
                0x0800b6e0                HAL_InitTick
 .text.HAL_IncTick
                0x0800b774       0x24 ./Drivers/STM32G0xx_HAL_Driver/Src/stm32g0xx_hal.o
                0x0800b774                HAL_IncTick
 .text.HAL_GetTick
                0x0800b798       0x14 ./Drivers/STM32G0xx_HAL_Driver/Src/stm32g0xx_hal.o
                0x0800b798                HAL_GetTick
 .text.HAL_Delay
                0x0800b7ac       0x48 ./Drivers/STM32G0xx_HAL_Driver/Src/stm32g0xx_hal.o
                0x0800b7ac                HAL_Delay
 .text.LL_ADC_SetCommonPathInternalCh
                0x0800b7f4       0x28 ./Drivers/STM32G0xx_HAL_Driver/Src/stm32g0xx_hal_adc.o
 .text.LL_ADC_GetCommonPathInternalCh
                0x0800b81c       0x1a ./Drivers/STM32G0xx_HAL_Driver/Src/stm32g0xx_hal_adc.o
 .text.LL_ADC_SetSamplingTimeCommonChannels
                0x0800b836       0x3a ./Drivers/STM32G0xx_HAL_Driver/Src/stm32g0xx_hal_adc.o
 .text.LL_ADC_GetSamplingTimeCommonChannels
                0x0800b870       0x2e ./Drivers/STM32G0xx_HAL_Driver/Src/stm32g0xx_hal_adc.o
 .text.LL_ADC_REG_IsTriggerSourceSWStart
                0x0800b89e       0x22 ./Drivers/STM32G0xx_HAL_Driver/Src/stm32g0xx_hal_adc.o
 .text.LL_ADC_REG_SetSequencerRanks
                0x0800b8c0       0x40 ./Drivers/STM32G0xx_HAL_Driver/Src/stm32g0xx_hal_adc.o
 .text.LL_ADC_REG_SetSequencerChAdd
                0x0800b900       0x22 ./Drivers/STM32G0xx_HAL_Driver/Src/stm32g0xx_hal_adc.o
 .text.LL_ADC_REG_SetSequencerChRem
                0x0800b922       0x24 ./Drivers/STM32G0xx_HAL_Driver/Src/stm32g0xx_hal_adc.o
 *fill*         0x0800b946        0x2 
 .text.LL_ADC_SetChannelSamplingTime
                0x0800b948       0x38 ./Drivers/STM32G0xx_HAL_Driver/Src/stm32g0xx_hal_adc.o
 .text.LL_ADC_EnableInternalRegulator
                0x0800b980       0x28 ./Drivers/STM32G0xx_HAL_Driver/Src/stm32g0xx_hal_adc.o
 .text.LL_ADC_IsInternalRegulatorEnabled
                0x0800b9a8       0x28 ./Drivers/STM32G0xx_HAL_Driver/Src/stm32g0xx_hal_adc.o
 .text.LL_ADC_Enable
                0x0800b9d0       0x24 ./Drivers/STM32G0xx_HAL_Driver/Src/stm32g0xx_hal_adc.o
 .text.LL_ADC_Disable
                0x0800b9f4       0x24 ./Drivers/STM32G0xx_HAL_Driver/Src/stm32g0xx_hal_adc.o
 .text.LL_ADC_IsEnabled
                0x0800ba18       0x22 ./Drivers/STM32G0xx_HAL_Driver/Src/stm32g0xx_hal_adc.o
 .text.LL_ADC_IsDisableOngoing
                0x0800ba3a       0x22 ./Drivers/STM32G0xx_HAL_Driver/Src/stm32g0xx_hal_adc.o
 .text.LL_ADC_REG_StartConversion
                0x0800ba5c       0x24 ./Drivers/STM32G0xx_HAL_Driver/Src/stm32g0xx_hal_adc.o
 .text.LL_ADC_REG_StopConversion
                0x0800ba80       0x24 ./Drivers/STM32G0xx_HAL_Driver/Src/stm32g0xx_hal_adc.o
 .text.LL_ADC_REG_IsConversionOngoing
                0x0800baa4       0x22 ./Drivers/STM32G0xx_HAL_Driver/Src/stm32g0xx_hal_adc.o
 *fill*         0x0800bac6        0x2 
 .text.HAL_ADC_Init
                0x0800bac8      0x350 ./Drivers/STM32G0xx_HAL_Driver/Src/stm32g0xx_hal_adc.o
                0x0800bac8                HAL_ADC_Init
 .text.HAL_ADC_Start
                0x0800be18       0x9c ./Drivers/STM32G0xx_HAL_Driver/Src/stm32g0xx_hal_adc.o
                0x0800be18                HAL_ADC_Start
 .text.HAL_ADC_Stop
                0x0800beb4       0x78 ./Drivers/STM32G0xx_HAL_Driver/Src/stm32g0xx_hal_adc.o
                0x0800beb4                HAL_ADC_Stop
 .text.HAL_ADC_PollForConversion
                0x0800bf2c      0x128 ./Drivers/STM32G0xx_HAL_Driver/Src/stm32g0xx_hal_adc.o
                0x0800bf2c                HAL_ADC_PollForConversion
 .text.HAL_ADC_GetValue
                0x0800c054       0x16 ./Drivers/STM32G0xx_HAL_Driver/Src/stm32g0xx_hal_adc.o
                0x0800c054                HAL_ADC_GetValue
 *fill*         0x0800c06a        0x2 
 .text.HAL_ADC_ConfigChannel
                0x0800c06c      0x3b0 ./Drivers/STM32G0xx_HAL_Driver/Src/stm32g0xx_hal_adc.o
                0x0800c06c                HAL_ADC_ConfigChannel
 .text.ADC_ConversionStop
                0x0800c41c       0x84 ./Drivers/STM32G0xx_HAL_Driver/Src/stm32g0xx_hal_adc.o
                0x0800c41c                ADC_ConversionStop
 .text.ADC_Enable
                0x0800c4a0      0x10c ./Drivers/STM32G0xx_HAL_Driver/Src/stm32g0xx_hal_adc.o
                0x0800c4a0                ADC_Enable
 .text.ADC_Disable
                0x0800c5ac       0xbc ./Drivers/STM32G0xx_HAL_Driver/Src/stm32g0xx_hal_adc.o
                0x0800c5ac                ADC_Disable
 .text.LL_ADC_GetCommonClock
                0x0800c668       0x1a ./Drivers/STM32G0xx_HAL_Driver/Src/stm32g0xx_hal_adc_ex.o
 .text.LL_ADC_GetClock
                0x0800c682       0x18 ./Drivers/STM32G0xx_HAL_Driver/Src/stm32g0xx_hal_adc_ex.o
 .text.LL_ADC_SetCalibrationFactor
                0x0800c69a       0x28 ./Drivers/STM32G0xx_HAL_Driver/Src/stm32g0xx_hal_adc_ex.o
 .text.LL_ADC_GetCalibrationFactor
                0x0800c6c2       0x1a ./Drivers/STM32G0xx_HAL_Driver/Src/stm32g0xx_hal_adc_ex.o
 .text.LL_ADC_Enable
                0x0800c6dc       0x24 ./Drivers/STM32G0xx_HAL_Driver/Src/stm32g0xx_hal_adc_ex.o
 .text.LL_ADC_Disable
                0x0800c700       0x24 ./Drivers/STM32G0xx_HAL_Driver/Src/stm32g0xx_hal_adc_ex.o
 .text.LL_ADC_IsEnabled
                0x0800c724       0x22 ./Drivers/STM32G0xx_HAL_Driver/Src/stm32g0xx_hal_adc_ex.o
 *fill*         0x0800c746        0x2 
 .text.LL_ADC_StartCalibration
                0x0800c748       0x28 ./Drivers/STM32G0xx_HAL_Driver/Src/stm32g0xx_hal_adc_ex.o
 .text.LL_ADC_IsCalibrationOnGoing
                0x0800c770       0x26 ./Drivers/STM32G0xx_HAL_Driver/Src/stm32g0xx_hal_adc_ex.o
 *fill*         0x0800c796        0x2 
 .text.HAL_ADCEx_Calibration_Start
                0x0800c798      0x1f8 ./Drivers/STM32G0xx_HAL_Driver/Src/stm32g0xx_hal_adc_ex.o
                0x0800c798                HAL_ADCEx_Calibration_Start
 .text.__NVIC_EnableIRQ
                0x0800c990       0x34 ./Drivers/STM32G0xx_HAL_Driver/Src/stm32g0xx_hal_cortex.o
 .text.__NVIC_SetPriority
                0x0800c9c4       0xdc ./Drivers/STM32G0xx_HAL_Driver/Src/stm32g0xx_hal_cortex.o
 .text.SysTick_Config
                0x0800caa0       0x48 ./Drivers/STM32G0xx_HAL_Driver/Src/stm32g0xx_hal_cortex.o
 .text.HAL_NVIC_SetPriority
                0x0800cae8       0x2a ./Drivers/STM32G0xx_HAL_Driver/Src/stm32g0xx_hal_cortex.o
                0x0800cae8                HAL_NVIC_SetPriority
 .text.HAL_NVIC_EnableIRQ
                0x0800cb12       0x20 ./Drivers/STM32G0xx_HAL_Driver/Src/stm32g0xx_hal_cortex.o
                0x0800cb12                HAL_NVIC_EnableIRQ
 .text.HAL_SYSTICK_Config
                0x0800cb32       0x1a ./Drivers/STM32G0xx_HAL_Driver/Src/stm32g0xx_hal_cortex.o
                0x0800cb32                HAL_SYSTICK_Config
 .text.HAL_DMA_Abort
                0x0800cb4c       0xc4 ./Drivers/STM32G0xx_HAL_Driver/Src/stm32g0xx_hal_dma.o
                0x0800cb4c                HAL_DMA_Abort
 .text.HAL_DMA_Abort_IT
                0x0800cc10       0xd4 ./Drivers/STM32G0xx_HAL_Driver/Src/stm32g0xx_hal_dma.o
                0x0800cc10                HAL_DMA_Abort_IT
 .text.HAL_DMA_GetError
                0x0800cce4       0x14 ./Drivers/STM32G0xx_HAL_Driver/Src/stm32g0xx_hal_dma.o
                0x0800cce4                HAL_DMA_GetError
 .text.HAL_FLASH_Program
                0x0800ccf8       0x9c ./Drivers/STM32G0xx_HAL_Driver/Src/stm32g0xx_hal_flash.o
                0x0800ccf8                HAL_FLASH_Program
 .text.HAL_FLASH_Unlock
                0x0800cd94       0x48 ./Drivers/STM32G0xx_HAL_Driver/Src/stm32g0xx_hal_flash.o
                0x0800cd94                HAL_FLASH_Unlock
 .text.HAL_FLASH_Lock
                0x0800cddc       0x44 ./Drivers/STM32G0xx_HAL_Driver/Src/stm32g0xx_hal_flash.o
                0x0800cddc                HAL_FLASH_Lock
 .text.FLASH_WaitForLastOperation
                0x0800ce20       0x9c ./Drivers/STM32G0xx_HAL_Driver/Src/stm32g0xx_hal_flash.o
                0x0800ce20                FLASH_WaitForLastOperation
 .text.FLASH_Program_DoubleWord
                0x0800cebc       0x40 ./Drivers/STM32G0xx_HAL_Driver/Src/stm32g0xx_hal_flash.o
 .text.HAL_FLASHEx_Erase
                0x0800cefc       0xe8 ./Drivers/STM32G0xx_HAL_Driver/Src/stm32g0xx_hal_flash_ex.o
                0x0800cefc                HAL_FLASHEx_Erase
 .text.FLASH_MassErase
                0x0800cfe4       0x28 ./Drivers/STM32G0xx_HAL_Driver/Src/stm32g0xx_hal_flash_ex.o
 .text.FLASH_PageErase
                0x0800d00c       0x38 ./Drivers/STM32G0xx_HAL_Driver/Src/stm32g0xx_hal_flash_ex.o
                0x0800d00c                FLASH_PageErase
 .text.HAL_GPIO_Init
                0x0800d044      0x2c8 ./Drivers/STM32G0xx_HAL_Driver/Src/stm32g0xx_hal_gpio.o
                0x0800d044                HAL_GPIO_Init
 .text.HAL_GPIO_ReadPin
                0x0800d30c       0x3a ./Drivers/STM32G0xx_HAL_Driver/Src/stm32g0xx_hal_gpio.o
                0x0800d30c                HAL_GPIO_ReadPin
 .text.HAL_GPIO_WritePin
                0x0800d346       0x3a ./Drivers/STM32G0xx_HAL_Driver/Src/stm32g0xx_hal_gpio.o
                0x0800d346                HAL_GPIO_WritePin
 .text.HAL_GPIO_EXTI_IRQHandler
                0x0800d380       0x54 ./Drivers/STM32G0xx_HAL_Driver/Src/stm32g0xx_hal_gpio.o
                0x0800d380                HAL_GPIO_EXTI_IRQHandler
 .text.HAL_GPIO_EXTI_Rising_Callback
                0x0800d3d4       0x14 ./Drivers/STM32G0xx_HAL_Driver/Src/stm32g0xx_hal_gpio.o
                0x0800d3d4                HAL_GPIO_EXTI_Rising_Callback
 .text.HAL_I2C_Init
                0x0800d3e8      0x14c ./Drivers/STM32G0xx_HAL_Driver/Src/stm32g0xx_hal_i2c.o
                0x0800d3e8                HAL_I2C_Init
 .text.HAL_I2C_Master_Transmit
                0x0800d534      0x254 ./Drivers/STM32G0xx_HAL_Driver/Src/stm32g0xx_hal_i2c.o
                0x0800d534                HAL_I2C_Master_Transmit
 .text.HAL_I2C_Mem_Read
                0x0800d788      0x268 ./Drivers/STM32G0xx_HAL_Driver/Src/stm32g0xx_hal_i2c.o
                0x0800d788                HAL_I2C_Mem_Read
 .text.I2C_RequestMemoryRead
                0x0800d9f0       0xc4 ./Drivers/STM32G0xx_HAL_Driver/Src/stm32g0xx_hal_i2c.o
 .text.I2C_Flush_TXDR
                0x0800dab4       0x44 ./Drivers/STM32G0xx_HAL_Driver/Src/stm32g0xx_hal_i2c.o
 .text.I2C_WaitOnFlagUntilTimeout
                0x0800daf8       0xb0 ./Drivers/STM32G0xx_HAL_Driver/Src/stm32g0xx_hal_i2c.o
 .text.I2C_WaitOnTXISFlagUntilTimeout
                0x0800dba8       0x8c ./Drivers/STM32G0xx_HAL_Driver/Src/stm32g0xx_hal_i2c.o
 .text.I2C_WaitOnSTOPFlagUntilTimeout
                0x0800dc34       0x86 ./Drivers/STM32G0xx_HAL_Driver/Src/stm32g0xx_hal_i2c.o
 *fill*         0x0800dcba        0x2 
 .text.I2C_IsErrorOccurred
                0x0800dcbc      0x1f0 ./Drivers/STM32G0xx_HAL_Driver/Src/stm32g0xx_hal_i2c.o
 .text.I2C_TransferConfig
                0x0800deac       0x74 ./Drivers/STM32G0xx_HAL_Driver/Src/stm32g0xx_hal_i2c.o
 .text.HAL_I2CEx_ConfigAnalogFilter
                0x0800df20       0x98 ./Drivers/STM32G0xx_HAL_Driver/Src/stm32g0xx_hal_i2c_ex.o
                0x0800df20                HAL_I2CEx_ConfigAnalogFilter
 .text.HAL_I2CEx_ConfigDigitalFilter
                0x0800dfb8       0x98 ./Drivers/STM32G0xx_HAL_Driver/Src/stm32g0xx_hal_i2c_ex.o
                0x0800dfb8                HAL_I2CEx_ConfigDigitalFilter
 .text.HAL_IWDG_Init
                0x0800e050       0xa4 ./Drivers/STM32G0xx_HAL_Driver/Src/stm32g0xx_hal_iwdg.o
                0x0800e050                HAL_IWDG_Init
 .text.HAL_IWDG_Refresh
                0x0800e0f4       0x20 ./Drivers/STM32G0xx_HAL_Driver/Src/stm32g0xx_hal_iwdg.o
                0x0800e0f4                HAL_IWDG_Refresh
 .text.HAL_PWR_EnableBkUpAccess
                0x0800e114       0x1c ./Drivers/STM32G0xx_HAL_Driver/Src/stm32g0xx_hal_pwr.o
                0x0800e114                HAL_PWR_EnableBkUpAccess
 .text.HAL_PWREx_ControlVoltageScaling
                0x0800e130       0x80 ./Drivers/STM32G0xx_HAL_Driver/Src/stm32g0xx_hal_pwr_ex.o
                0x0800e130                HAL_PWREx_ControlVoltageScaling
 .text.LL_RCC_GetAPB1Prescaler
                0x0800e1b0       0x18 ./Drivers/STM32G0xx_HAL_Driver/Src/stm32g0xx_hal_rcc.o
 .text.HAL_RCC_OscConfig
                0x0800e1c8      0x634 ./Drivers/STM32G0xx_HAL_Driver/Src/stm32g0xx_hal_rcc.o
                0x0800e1c8                HAL_RCC_OscConfig
 .text.HAL_RCC_ClockConfig
                0x0800e7fc      0x210 ./Drivers/STM32G0xx_HAL_Driver/Src/stm32g0xx_hal_rcc.o
                0x0800e7fc                HAL_RCC_ClockConfig
 .text.HAL_RCC_GetSysClockFreq
                0x0800ea0c      0x104 ./Drivers/STM32G0xx_HAL_Driver/Src/stm32g0xx_hal_rcc.o
                0x0800ea0c                HAL_RCC_GetSysClockFreq
 .text.HAL_RCC_GetHCLKFreq
                0x0800eb10       0x14 ./Drivers/STM32G0xx_HAL_Driver/Src/stm32g0xx_hal_rcc.o
                0x0800eb10                HAL_RCC_GetHCLKFreq
 .text.HAL_RCC_GetPCLK1Freq
                0x0800eb24       0x2c ./Drivers/STM32G0xx_HAL_Driver/Src/stm32g0xx_hal_rcc.o
                0x0800eb24                HAL_RCC_GetPCLK1Freq
 .text.HAL_RCCEx_PeriphCLKConfig
                0x0800eb50      0x370 ./Drivers/STM32G0xx_HAL_Driver/Src/stm32g0xx_hal_rcc_ex.o
                0x0800eb50                HAL_RCCEx_PeriphCLKConfig
 .text.HAL_RTC_Init
                0x0800eec0      0x144 ./Drivers/STM32G0xx_HAL_Driver/Src/stm32g0xx_hal_rtc.o
                0x0800eec0                HAL_RTC_Init
 .text.HAL_RTC_SetTime
                0x0800f004      0x150 ./Drivers/STM32G0xx_HAL_Driver/Src/stm32g0xx_hal_rtc.o
                0x0800f004                HAL_RTC_SetTime
 .text.HAL_RTC_GetTime
                0x0800f154       0xb8 ./Drivers/STM32G0xx_HAL_Driver/Src/stm32g0xx_hal_rtc.o
                0x0800f154                HAL_RTC_GetTime
 .text.HAL_RTC_SetDate
                0x0800f20c      0x124 ./Drivers/STM32G0xx_HAL_Driver/Src/stm32g0xx_hal_rtc.o
                0x0800f20c                HAL_RTC_SetDate
 .text.HAL_RTC_GetDate
                0x0800f330       0x9c ./Drivers/STM32G0xx_HAL_Driver/Src/stm32g0xx_hal_rtc.o
                0x0800f330                HAL_RTC_GetDate
 .text.HAL_RTC_WaitForSynchro
                0x0800f3cc       0x4c ./Drivers/STM32G0xx_HAL_Driver/Src/stm32g0xx_hal_rtc.o
                0x0800f3cc                HAL_RTC_WaitForSynchro
 .text.RTC_EnterInitMode
                0x0800f418       0x84 ./Drivers/STM32G0xx_HAL_Driver/Src/stm32g0xx_hal_rtc.o
                0x0800f418                RTC_EnterInitMode
 .text.RTC_ExitInitMode
                0x0800f49c       0x88 ./Drivers/STM32G0xx_HAL_Driver/Src/stm32g0xx_hal_rtc.o
                0x0800f49c                RTC_ExitInitMode
 .text.RTC_ByteToBcd2
                0x0800f524       0x50 ./Drivers/STM32G0xx_HAL_Driver/Src/stm32g0xx_hal_rtc.o
                0x0800f524                RTC_ByteToBcd2
 .text.RTC_Bcd2ToByte
                0x0800f574       0x3a ./Drivers/STM32G0xx_HAL_Driver/Src/stm32g0xx_hal_rtc.o
                0x0800f574                RTC_Bcd2ToByte
 .text.HAL_TIM_Base_Init
                0x0800f5ae       0xb0 ./Drivers/STM32G0xx_HAL_Driver/Src/stm32g0xx_hal_tim.o
                0x0800f5ae                HAL_TIM_Base_Init
 *fill*         0x0800f65e        0x2 
 .text.HAL_TIM_Base_Start
                0x0800f660       0xa8 ./Drivers/STM32G0xx_HAL_Driver/Src/stm32g0xx_hal_tim.o
                0x0800f660                HAL_TIM_Base_Start
 .text.HAL_TIM_Base_Start_IT
                0x0800f708       0xb8 ./Drivers/STM32G0xx_HAL_Driver/Src/stm32g0xx_hal_tim.o
                0x0800f708                HAL_TIM_Base_Start_IT
 .text.HAL_TIM_IRQHandler
                0x0800f7c0      0x210 ./Drivers/STM32G0xx_HAL_Driver/Src/stm32g0xx_hal_tim.o
                0x0800f7c0                HAL_TIM_IRQHandler
 .text.HAL_TIM_ConfigClockSource
                0x0800f9d0      0x1ac ./Drivers/STM32G0xx_HAL_Driver/Src/stm32g0xx_hal_tim.o
                0x0800f9d0                HAL_TIM_ConfigClockSource
 .text.HAL_TIM_OC_DelayElapsedCallback
                0x0800fb7c       0x10 ./Drivers/STM32G0xx_HAL_Driver/Src/stm32g0xx_hal_tim.o
                0x0800fb7c                HAL_TIM_OC_DelayElapsedCallback
 .text.HAL_TIM_IC_CaptureCallback
                0x0800fb8c       0x10 ./Drivers/STM32G0xx_HAL_Driver/Src/stm32g0xx_hal_tim.o
                0x0800fb8c                HAL_TIM_IC_CaptureCallback
 .text.HAL_TIM_PWM_PulseFinishedCallback
                0x0800fb9c       0x10 ./Drivers/STM32G0xx_HAL_Driver/Src/stm32g0xx_hal_tim.o
                0x0800fb9c                HAL_TIM_PWM_PulseFinishedCallback
 .text.HAL_TIM_TriggerCallback
                0x0800fbac       0x10 ./Drivers/STM32G0xx_HAL_Driver/Src/stm32g0xx_hal_tim.o
                0x0800fbac                HAL_TIM_TriggerCallback
 .text.TIM_Base_SetConfig
                0x0800fbbc      0x11c ./Drivers/STM32G0xx_HAL_Driver/Src/stm32g0xx_hal_tim.o
                0x0800fbbc                TIM_Base_SetConfig
 .text.TIM_TI1_ConfigInputStage
                0x0800fcd8       0x5c ./Drivers/STM32G0xx_HAL_Driver/Src/stm32g0xx_hal_tim.o
 .text.TIM_TI2_ConfigInputStage
                0x0800fd34       0x64 ./Drivers/STM32G0xx_HAL_Driver/Src/stm32g0xx_hal_tim.o
 .text.TIM_ITRx_SetConfig
                0x0800fd98       0x38 ./Drivers/STM32G0xx_HAL_Driver/Src/stm32g0xx_hal_tim.o
 .text.TIM_ETR_SetConfig
                0x0800fdd0       0x40 ./Drivers/STM32G0xx_HAL_Driver/Src/stm32g0xx_hal_tim.o
                0x0800fdd0                TIM_ETR_SetConfig
 .text.HAL_TIMEx_MasterConfigSynchronization
                0x0800fe10       0xdc ./Drivers/STM32G0xx_HAL_Driver/Src/stm32g0xx_hal_tim_ex.o
                0x0800fe10                HAL_TIMEx_MasterConfigSynchronization
 .text.HAL_TIMEx_CommutCallback
                0x0800feec       0x10 ./Drivers/STM32G0xx_HAL_Driver/Src/stm32g0xx_hal_tim_ex.o
                0x0800feec                HAL_TIMEx_CommutCallback
 .text.HAL_TIMEx_BreakCallback
                0x0800fefc       0x10 ./Drivers/STM32G0xx_HAL_Driver/Src/stm32g0xx_hal_tim_ex.o
                0x0800fefc                HAL_TIMEx_BreakCallback
 .text.HAL_TIMEx_Break2Callback
                0x0800ff0c       0x10 ./Drivers/STM32G0xx_HAL_Driver/Src/stm32g0xx_hal_tim_ex.o
                0x0800ff0c                HAL_TIMEx_Break2Callback
 .text.HAL_UART_Init
                0x0800ff1c       0xac ./Drivers/STM32G0xx_HAL_Driver/Src/stm32g0xx_hal_uart.o
                0x0800ff1c                HAL_UART_Init
 .text.HAL_UART_Transmit
                0x0800ffc8      0x148 ./Drivers/STM32G0xx_HAL_Driver/Src/stm32g0xx_hal_uart.o
                0x0800ffc8                HAL_UART_Transmit
 .text.HAL_UART_Receive
                0x08010110      0x1cc ./Drivers/STM32G0xx_HAL_Driver/Src/stm32g0xx_hal_uart.o
                0x08010110                HAL_UART_Receive
 .text.HAL_UART_Receive_IT
                0x080102dc       0xbc ./Drivers/STM32G0xx_HAL_Driver/Src/stm32g0xx_hal_uart.o
                0x080102dc                HAL_UART_Receive_IT
 .text.HAL_UART_Abort
                0x08010398      0x218 ./Drivers/STM32G0xx_HAL_Driver/Src/stm32g0xx_hal_uart.o
                0x08010398                HAL_UART_Abort
 .text.HAL_UART_IRQHandler
                0x080105b0      0x64c ./Drivers/STM32G0xx_HAL_Driver/Src/stm32g0xx_hal_uart.o
                0x080105b0                HAL_UART_IRQHandler
 .text.HAL_UART_TxCpltCallback
                0x08010bfc       0x10 ./Drivers/STM32G0xx_HAL_Driver/Src/stm32g0xx_hal_uart.o
                0x08010bfc                HAL_UART_TxCpltCallback
 .text.HAL_UART_ErrorCallback
                0x08010c0c       0x10 ./Drivers/STM32G0xx_HAL_Driver/Src/stm32g0xx_hal_uart.o
                0x08010c0c                HAL_UART_ErrorCallback
 .text.HAL_UARTEx_RxEventCallback
                0x08010c1c       0x16 ./Drivers/STM32G0xx_HAL_Driver/Src/stm32g0xx_hal_uart.o
                0x08010c1c                HAL_UARTEx_RxEventCallback
 *fill*         0x08010c32        0x2 
 .text.UART_SetConfig
                0x08010c34      0x57c ./Drivers/STM32G0xx_HAL_Driver/Src/stm32g0xx_hal_uart.o
                0x08010c34                UART_SetConfig
 .text.UART_AdvFeatureConfig
                0x080111b0      0x168 ./Drivers/STM32G0xx_HAL_Driver/Src/stm32g0xx_hal_uart.o
                0x080111b0                UART_AdvFeatureConfig
 .text.UART_CheckIdleState
                0x08011318      0x154 ./Drivers/STM32G0xx_HAL_Driver/Src/stm32g0xx_hal_uart.o
                0x08011318                UART_CheckIdleState
 .text.UART_WaitOnFlagUntilTimeout
                0x0801146c       0xde ./Drivers/STM32G0xx_HAL_Driver/Src/stm32g0xx_hal_uart.o
                0x0801146c                UART_WaitOnFlagUntilTimeout
 *fill*         0x0801154a        0x2 
 .text.UART_Start_Receive_IT
                0x0801154c      0x248 ./Drivers/STM32G0xx_HAL_Driver/Src/stm32g0xx_hal_uart.o
                0x0801154c                UART_Start_Receive_IT
 .text.UART_EndRxTransfer
                0x08011794       0xcc ./Drivers/STM32G0xx_HAL_Driver/Src/stm32g0xx_hal_uart.o
 .text.UART_DMAAbortOnError
                0x08011860       0x2e ./Drivers/STM32G0xx_HAL_Driver/Src/stm32g0xx_hal_uart.o
 .text.UART_EndTransmit_IT
                0x0801188e       0x58 ./Drivers/STM32G0xx_HAL_Driver/Src/stm32g0xx_hal_uart.o
 *fill*         0x080118e6        0x2 
 .text.UART_RxISR_8BIT
                0x080118e8      0x1c4 ./Drivers/STM32G0xx_HAL_Driver/Src/stm32g0xx_hal_uart.o
 .text.UART_RxISR_16BIT
                0x08011aac      0x1c4 ./Drivers/STM32G0xx_HAL_Driver/Src/stm32g0xx_hal_uart.o
 .text.UART_RxISR_8BIT_FIFOEN
                0x08011c70      0x340 ./Drivers/STM32G0xx_HAL_Driver/Src/stm32g0xx_hal_uart.o
 .text.UART_RxISR_16BIT_FIFOEN
                0x08011fb0      0x358 ./Drivers/STM32G0xx_HAL_Driver/Src/stm32g0xx_hal_uart.o
 .text.HAL_UARTEx_WakeupCallback
                0x08012308       0x10 ./Drivers/STM32G0xx_HAL_Driver/Src/stm32g0xx_hal_uart_ex.o
                0x08012308                HAL_UARTEx_WakeupCallback
 .text.HAL_UARTEx_RxFifoFullCallback
                0x08012318       0x10 ./Drivers/STM32G0xx_HAL_Driver/Src/stm32g0xx_hal_uart_ex.o
                0x08012318                HAL_UARTEx_RxFifoFullCallback
 .text.HAL_UARTEx_TxFifoEmptyCallback
                0x08012328       0x10 ./Drivers/STM32G0xx_HAL_Driver/Src/stm32g0xx_hal_uart_ex.o
                0x08012328                HAL_UARTEx_TxFifoEmptyCallback
 .text.HAL_UARTEx_EnableFifoMode
                0x08012338       0x7a ./Drivers/STM32G0xx_HAL_Driver/Src/stm32g0xx_hal_uart_ex.o
                0x08012338                HAL_UARTEx_EnableFifoMode
 .text.HAL_UARTEx_SetTxFifoThreshold
                0x080123b2       0x7e ./Drivers/STM32G0xx_HAL_Driver/Src/stm32g0xx_hal_uart_ex.o
                0x080123b2                HAL_UARTEx_SetTxFifoThreshold
 .text.HAL_UARTEx_SetRxFifoThreshold
                0x08012430       0x84 ./Drivers/STM32G0xx_HAL_Driver/Src/stm32g0xx_hal_uart_ex.o
                0x08012430                HAL_UARTEx_SetRxFifoThreshold
 .text.UARTEx_SetNbDataToProcess
                0x080124b4       0xbc ./Drivers/STM32G0xx_HAL_Driver/Src/stm32g0xx_hal_uart_ex.o
 .text.atof     0x08012570        0xa C:/ST/STM32CubeIDE_1.18.0/STM32CubeIDE/plugins/com.st.stm32cube.ide.mcu.externaltools.gnu-tools-for-stm32.13.3.rel1.win32_1.0.0.202411081344/tools/bin/../lib/gcc/arm-none-eabi/13.3.1/../../../../arm-none-eabi/lib/thumb/v6-m/nofp\libc_nano.a(libc_a-atof.o)
                0x08012570                atof
 .text.atoi     0x0801257a        0xc C:/ST/STM32CubeIDE_1.18.0/STM32CubeIDE/plugins/com.st.stm32cube.ide.mcu.externaltools.gnu-tools-for-stm32.13.3.rel1.win32_1.0.0.202411081344/tools/bin/../lib/gcc/arm-none-eabi/13.3.1/../../../../arm-none-eabi/lib/thumb/v6-m/nofp\libc_nano.a(libc_a-atoi.o)
                0x0801257a                atoi
 .text.atol     0x08012586        0xc C:/ST/STM32CubeIDE_1.18.0/STM32CubeIDE/plugins/com.st.stm32cube.ide.mcu.externaltools.gnu-tools-for-stm32.13.3.rel1.win32_1.0.0.202411081344/tools/bin/../lib/gcc/arm-none-eabi/13.3.1/../../../../arm-none-eabi/lib/thumb/v6-m/nofp\libc_nano.a(libc_a-atol.o)
                0x08012586                atol
 *fill*         0x08012592        0x2 
 .text.sulp     0x08012594       0x30 C:/ST/STM32CubeIDE_1.18.0/STM32CubeIDE/plugins/com.st.stm32cube.ide.mcu.externaltools.gnu-tools-for-stm32.13.3.rel1.win32_1.0.0.202411081344/tools/bin/../lib/gcc/arm-none-eabi/13.3.1/../../../../arm-none-eabi/lib/thumb/v6-m/nofp\libc_nano.a(libc_a-strtod.o)
 .text._strtod_l
                0x080125c4      0xbfc C:/ST/STM32CubeIDE_1.18.0/STM32CubeIDE/plugins/com.st.stm32cube.ide.mcu.externaltools.gnu-tools-for-stm32.13.3.rel1.win32_1.0.0.202411081344/tools/bin/../lib/gcc/arm-none-eabi/13.3.1/../../../../arm-none-eabi/lib/thumb/v6-m/nofp\libc_nano.a(libc_a-strtod.o)
                0x080125c4                _strtod_l
 .text.strtod   0x080131c0       0x1c C:/ST/STM32CubeIDE_1.18.0/STM32CubeIDE/plugins/com.st.stm32cube.ide.mcu.externaltools.gnu-tools-for-stm32.13.3.rel1.win32_1.0.0.202411081344/tools/bin/../lib/gcc/arm-none-eabi/13.3.1/../../../../arm-none-eabi/lib/thumb/v6-m/nofp\libc_nano.a(libc_a-strtod.o)
                0x080131c0                strtod
 .text._strtol_l.isra.0
                0x080131dc      0x114 C:/ST/STM32CubeIDE_1.18.0/STM32CubeIDE/plugins/com.st.stm32cube.ide.mcu.externaltools.gnu-tools-for-stm32.13.3.rel1.win32_1.0.0.202411081344/tools/bin/../lib/gcc/arm-none-eabi/13.3.1/../../../../arm-none-eabi/lib/thumb/v6-m/nofp\libc_nano.a(libc_a-strtol.o)
 .text.strtol   0x080132f0       0x18 C:/ST/STM32CubeIDE_1.18.0/STM32CubeIDE/plugins/com.st.stm32cube.ide.mcu.externaltools.gnu-tools-for-stm32.13.3.rel1.win32_1.0.0.202411081344/tools/bin/../lib/gcc/arm-none-eabi/13.3.1/../../../../arm-none-eabi/lib/thumb/v6-m/nofp\libc_nano.a(libc_a-strtol.o)
                0x080132f0                strtol
 .text.__cvt    0x08013308       0xcc C:/ST/STM32CubeIDE_1.18.0/STM32CubeIDE/plugins/com.st.stm32cube.ide.mcu.externaltools.gnu-tools-for-stm32.13.3.rel1.win32_1.0.0.202411081344/tools/bin/../lib/gcc/arm-none-eabi/13.3.1/../../../../arm-none-eabi/lib/thumb/v6-m/nofp\libc_nano.a(libc_a-nano-vfprintf_float.o)
                0x08013308                __cvt
 .text.__exponent
                0x080133d4       0x7e C:/ST/STM32CubeIDE_1.18.0/STM32CubeIDE/plugins/com.st.stm32cube.ide.mcu.externaltools.gnu-tools-for-stm32.13.3.rel1.win32_1.0.0.202411081344/tools/bin/../lib/gcc/arm-none-eabi/13.3.1/../../../../arm-none-eabi/lib/thumb/v6-m/nofp\libc_nano.a(libc_a-nano-vfprintf_float.o)
                0x080133d4                __exponent
 *fill*         0x08013452        0x2 
 .text._printf_float
                0x08013454      0x47c C:/ST/STM32CubeIDE_1.18.0/STM32CubeIDE/plugins/com.st.stm32cube.ide.mcu.externaltools.gnu-tools-for-stm32.13.3.rel1.win32_1.0.0.202411081344/tools/bin/../lib/gcc/arm-none-eabi/13.3.1/../../../../arm-none-eabi/lib/thumb/v6-m/nofp\libc_nano.a(libc_a-nano-vfprintf_float.o)
                0x08013454                _printf_float
 .text._printf_common
                0x080138d0       0xde C:/ST/STM32CubeIDE_1.18.0/STM32CubeIDE/plugins/com.st.stm32cube.ide.mcu.externaltools.gnu-tools-for-stm32.13.3.rel1.win32_1.0.0.202411081344/tools/bin/../lib/gcc/arm-none-eabi/13.3.1/../../../../arm-none-eabi/lib/thumb/v6-m/nofp\libc_nano.a(libc_a-nano-vfprintf_i.o)
                0x080138d0                _printf_common
 *fill*         0x080139ae        0x2 
 .text._printf_i
                0x080139b0      0x218 C:/ST/STM32CubeIDE_1.18.0/STM32CubeIDE/plugins/com.st.stm32cube.ide.mcu.externaltools.gnu-tools-for-stm32.13.3.rel1.win32_1.0.0.202411081344/tools/bin/../lib/gcc/arm-none-eabi/13.3.1/../../../../arm-none-eabi/lib/thumb/v6-m/nofp\libc_nano.a(libc_a-nano-vfprintf_i.o)
                0x080139b0                _printf_i
 .text.std      0x08013bc8       0x6c C:/ST/STM32CubeIDE_1.18.0/STM32CubeIDE/plugins/com.st.stm32cube.ide.mcu.externaltools.gnu-tools-for-stm32.13.3.rel1.win32_1.0.0.202411081344/tools/bin/../lib/gcc/arm-none-eabi/13.3.1/../../../../arm-none-eabi/lib/thumb/v6-m/nofp\libc_nano.a(libc_a-findfp.o)
 .text.stdio_exit_handler
                0x08013c34       0x1c C:/ST/STM32CubeIDE_1.18.0/STM32CubeIDE/plugins/com.st.stm32cube.ide.mcu.externaltools.gnu-tools-for-stm32.13.3.rel1.win32_1.0.0.202411081344/tools/bin/../lib/gcc/arm-none-eabi/13.3.1/../../../../arm-none-eabi/lib/thumb/v6-m/nofp\libc_nano.a(libc_a-findfp.o)
 .text.cleanup_stdio
                0x08013c50       0x3c C:/ST/STM32CubeIDE_1.18.0/STM32CubeIDE/plugins/com.st.stm32cube.ide.mcu.externaltools.gnu-tools-for-stm32.13.3.rel1.win32_1.0.0.202411081344/tools/bin/../lib/gcc/arm-none-eabi/13.3.1/../../../../arm-none-eabi/lib/thumb/v6-m/nofp\libc_nano.a(libc_a-findfp.o)
 .text.global_stdio_init.part.0
                0x08013c8c       0x3c C:/ST/STM32CubeIDE_1.18.0/STM32CubeIDE/plugins/com.st.stm32cube.ide.mcu.externaltools.gnu-tools-for-stm32.13.3.rel1.win32_1.0.0.202411081344/tools/bin/../lib/gcc/arm-none-eabi/13.3.1/../../../../arm-none-eabi/lib/thumb/v6-m/nofp\libc_nano.a(libc_a-findfp.o)
 .text.__sfp_lock_acquire
                0x08013cc8       0x10 C:/ST/STM32CubeIDE_1.18.0/STM32CubeIDE/plugins/com.st.stm32cube.ide.mcu.externaltools.gnu-tools-for-stm32.13.3.rel1.win32_1.0.0.202411081344/tools/bin/../lib/gcc/arm-none-eabi/13.3.1/../../../../arm-none-eabi/lib/thumb/v6-m/nofp\libc_nano.a(libc_a-findfp.o)
                0x08013cc8                __sfp_lock_acquire
 .text.__sfp_lock_release
                0x08013cd8       0x10 C:/ST/STM32CubeIDE_1.18.0/STM32CubeIDE/plugins/com.st.stm32cube.ide.mcu.externaltools.gnu-tools-for-stm32.13.3.rel1.win32_1.0.0.202411081344/tools/bin/../lib/gcc/arm-none-eabi/13.3.1/../../../../arm-none-eabi/lib/thumb/v6-m/nofp\libc_nano.a(libc_a-findfp.o)
                0x08013cd8                __sfp_lock_release
 .text.__sinit  0x08013ce8       0x30 C:/ST/STM32CubeIDE_1.18.0/STM32CubeIDE/plugins/com.st.stm32cube.ide.mcu.externaltools.gnu-tools-for-stm32.13.3.rel1.win32_1.0.0.202411081344/tools/bin/../lib/gcc/arm-none-eabi/13.3.1/../../../../arm-none-eabi/lib/thumb/v6-m/nofp\libc_nano.a(libc_a-findfp.o)
                0x08013ce8                __sinit
 .text._fwalk_sglue
                0x08013d18       0x38 C:/ST/STM32CubeIDE_1.18.0/STM32CubeIDE/plugins/com.st.stm32cube.ide.mcu.externaltools.gnu-tools-for-stm32.13.3.rel1.win32_1.0.0.202411081344/tools/bin/../lib/gcc/arm-none-eabi/13.3.1/../../../../arm-none-eabi/lib/thumb/v6-m/nofp\libc_nano.a(libc_a-fwalk.o)
                0x08013d18                _fwalk_sglue
 .text.snprintf
                0x08013d50       0x6c C:/ST/STM32CubeIDE_1.18.0/STM32CubeIDE/plugins/com.st.stm32cube.ide.mcu.externaltools.gnu-tools-for-stm32.13.3.rel1.win32_1.0.0.202411081344/tools/bin/../lib/gcc/arm-none-eabi/13.3.1/../../../../arm-none-eabi/lib/thumb/v6-m/nofp\libc_nano.a(libc_a-snprintf.o)
                0x08013d50                sniprintf
                0x08013d50                snprintf
 .text.sprintf  0x08013dbc       0x44 C:/ST/STM32CubeIDE_1.18.0/STM32CubeIDE/plugins/com.st.stm32cube.ide.mcu.externaltools.gnu-tools-for-stm32.13.3.rel1.win32_1.0.0.202411081344/tools/bin/../lib/gcc/arm-none-eabi/13.3.1/../../../../arm-none-eabi/lib/thumb/v6-m/nofp\libc_nano.a(libc_a-sprintf.o)
                0x08013dbc                siprintf
                0x08013dbc                sprintf
 .text.__sread  0x08013e00       0x28 C:/ST/STM32CubeIDE_1.18.0/STM32CubeIDE/plugins/com.st.stm32cube.ide.mcu.externaltools.gnu-tools-for-stm32.13.3.rel1.win32_1.0.0.202411081344/tools/bin/../lib/gcc/arm-none-eabi/13.3.1/../../../../arm-none-eabi/lib/thumb/v6-m/nofp\libc_nano.a(libc_a-stdio.o)
                0x08013e00                __sread
 .text.__swrite
                0x08013e28       0x38 C:/ST/STM32CubeIDE_1.18.0/STM32CubeIDE/plugins/com.st.stm32cube.ide.mcu.externaltools.gnu-tools-for-stm32.13.3.rel1.win32_1.0.0.202411081344/tools/bin/../lib/gcc/arm-none-eabi/13.3.1/../../../../arm-none-eabi/lib/thumb/v6-m/nofp\libc_nano.a(libc_a-stdio.o)
                0x08013e28                __swrite
 .text.__sseek  0x08013e60       0x2c C:/ST/STM32CubeIDE_1.18.0/STM32CubeIDE/plugins/com.st.stm32cube.ide.mcu.externaltools.gnu-tools-for-stm32.13.3.rel1.win32_1.0.0.202411081344/tools/bin/../lib/gcc/arm-none-eabi/13.3.1/../../../../arm-none-eabi/lib/thumb/v6-m/nofp\libc_nano.a(libc_a-stdio.o)
                0x08013e60                __sseek
 .text.__sclose
                0x08013e8c        0xc C:/ST/STM32CubeIDE_1.18.0/STM32CubeIDE/plugins/com.st.stm32cube.ide.mcu.externaltools.gnu-tools-for-stm32.13.3.rel1.win32_1.0.0.202411081344/tools/bin/../lib/gcc/arm-none-eabi/13.3.1/../../../../arm-none-eabi/lib/thumb/v6-m/nofp\libc_nano.a(libc_a-stdio.o)
                0x08013e8c                __sclose
 .text.memcmp   0x08013e98       0x1c C:/ST/STM32CubeIDE_1.18.0/STM32CubeIDE/plugins/com.st.stm32cube.ide.mcu.externaltools.gnu-tools-for-stm32.13.3.rel1.win32_1.0.0.202411081344/tools/bin/../lib/gcc/arm-none-eabi/13.3.1/../../../../arm-none-eabi/lib/thumb/v6-m/nofp\libc_nano.a(libc_a-memcmp.o)
                0x08013e98                memcmp
 .text.memset   0x08013eb4       0x10 C:/ST/STM32CubeIDE_1.18.0/STM32CubeIDE/plugins/com.st.stm32cube.ide.mcu.externaltools.gnu-tools-for-stm32.13.3.rel1.win32_1.0.0.202411081344/tools/bin/../lib/gcc/arm-none-eabi/13.3.1/../../../../arm-none-eabi/lib/thumb/v6-m/nofp\libc_nano.a(libc_a-memset.o)
                0x08013eb4                memset
 .text.strchr   0x08013ec4       0x1c C:/ST/STM32CubeIDE_1.18.0/STM32CubeIDE/plugins/com.st.stm32cube.ide.mcu.externaltools.gnu-tools-for-stm32.13.3.rel1.win32_1.0.0.202411081344/tools/bin/../lib/gcc/arm-none-eabi/13.3.1/../../../../arm-none-eabi/lib/thumb/v6-m/nofp\libc_nano.a(libc_a-strchr.o)
                0x08013ec4                strchr
 .text.strncmp  0x08013ee0       0x22 C:/ST/STM32CubeIDE_1.18.0/STM32CubeIDE/plugins/com.st.stm32cube.ide.mcu.externaltools.gnu-tools-for-stm32.13.3.rel1.win32_1.0.0.202411081344/tools/bin/../lib/gcc/arm-none-eabi/13.3.1/../../../../arm-none-eabi/lib/thumb/v6-m/nofp\libc_nano.a(libc_a-strncmp.o)
                0x08013ee0                strncmp
 .text.strncpy  0x08013f02       0x28 C:/ST/STM32CubeIDE_1.18.0/STM32CubeIDE/plugins/com.st.stm32cube.ide.mcu.externaltools.gnu-tools-for-stm32.13.3.rel1.win32_1.0.0.202411081344/tools/bin/../lib/gcc/arm-none-eabi/13.3.1/../../../../arm-none-eabi/lib/thumb/v6-m/nofp\libc_nano.a(libc_a-strncpy.o)
                0x08013f02                strncpy
 .text.strrchr  0x08013f2a       0x28 C:/ST/STM32CubeIDE_1.18.0/STM32CubeIDE/plugins/com.st.stm32cube.ide.mcu.externaltools.gnu-tools-for-stm32.13.3.rel1.win32_1.0.0.202411081344/tools/bin/../lib/gcc/arm-none-eabi/13.3.1/../../../../arm-none-eabi/lib/thumb/v6-m/nofp\libc_nano.a(libc_a-strrchr.o)
                0x08013f2a                strrchr
 *fill*         0x08013f52        0x2 
 .text.strtok   0x08013f54       0x68 C:/ST/STM32CubeIDE_1.18.0/STM32CubeIDE/plugins/com.st.stm32cube.ide.mcu.externaltools.gnu-tools-for-stm32.13.3.rel1.win32_1.0.0.202411081344/tools/bin/../lib/gcc/arm-none-eabi/13.3.1/../../../../arm-none-eabi/lib/thumb/v6-m/nofp\libc_nano.a(libc_a-strtok.o)
                0x08013f54                strtok
 .text.__strtok_r
                0x08013fbc       0x58 C:/ST/STM32CubeIDE_1.18.0/STM32CubeIDE/plugins/com.st.stm32cube.ide.mcu.externaltools.gnu-tools-for-stm32.13.3.rel1.win32_1.0.0.202411081344/tools/bin/../lib/gcc/arm-none-eabi/13.3.1/../../../../arm-none-eabi/lib/thumb/v6-m/nofp\libc_nano.a(libc_a-strtok_r.o)
                0x08013fbc                __strtok_r
 .text.gmtime   0x08014014       0x3c C:/ST/STM32CubeIDE_1.18.0/STM32CubeIDE/plugins/com.st.stm32cube.ide.mcu.externaltools.gnu-tools-for-stm32.13.3.rel1.win32_1.0.0.202411081344/tools/bin/../lib/gcc/arm-none-eabi/13.3.1/../../../../arm-none-eabi/lib/thumb/v6-m/nofp\libc_nano.a(libc_a-gmtime.o)
                0x08014014                gmtime
 .text.gmtime_r
                0x08014050      0x1a8 C:/ST/STM32CubeIDE_1.18.0/STM32CubeIDE/plugins/com.st.stm32cube.ide.mcu.externaltools.gnu-tools-for-stm32.13.3.rel1.win32_1.0.0.202411081344/tools/bin/../lib/gcc/arm-none-eabi/13.3.1/../../../../arm-none-eabi/lib/thumb/v6-m/nofp\libc_nano.a(libc_a-gmtime_r.o)
                0x08014050                gmtime_r
 .text._localeconv_r
                0x080141f8        0x8 C:/ST/STM32CubeIDE_1.18.0/STM32CubeIDE/plugins/com.st.stm32cube.ide.mcu.externaltools.gnu-tools-for-stm32.13.3.rel1.win32_1.0.0.202411081344/tools/bin/../lib/gcc/arm-none-eabi/13.3.1/../../../../arm-none-eabi/lib/thumb/v6-m/nofp\libc_nano.a(libc_a-localeconv.o)
                0x080141f8                _localeconv_r
 .text._close_r
                0x08014200       0x24 C:/ST/STM32CubeIDE_1.18.0/STM32CubeIDE/plugins/com.st.stm32cube.ide.mcu.externaltools.gnu-tools-for-stm32.13.3.rel1.win32_1.0.0.202411081344/tools/bin/../lib/gcc/arm-none-eabi/13.3.1/../../../../arm-none-eabi/lib/thumb/v6-m/nofp\libc_nano.a(libc_a-closer.o)
                0x08014200                _close_r
 .text._lseek_r
                0x08014224       0x28 C:/ST/STM32CubeIDE_1.18.0/STM32CubeIDE/plugins/com.st.stm32cube.ide.mcu.externaltools.gnu-tools-for-stm32.13.3.rel1.win32_1.0.0.202411081344/tools/bin/../lib/gcc/arm-none-eabi/13.3.1/../../../../arm-none-eabi/lib/thumb/v6-m/nofp\libc_nano.a(libc_a-lseekr.o)
                0x08014224                _lseek_r
 .text._read_r  0x0801424c       0x28 C:/ST/STM32CubeIDE_1.18.0/STM32CubeIDE/plugins/com.st.stm32cube.ide.mcu.externaltools.gnu-tools-for-stm32.13.3.rel1.win32_1.0.0.202411081344/tools/bin/../lib/gcc/arm-none-eabi/13.3.1/../../../../arm-none-eabi/lib/thumb/v6-m/nofp\libc_nano.a(libc_a-readr.o)
                0x0801424c                _read_r
 .text._write_r
                0x08014274       0x28 C:/ST/STM32CubeIDE_1.18.0/STM32CubeIDE/plugins/com.st.stm32cube.ide.mcu.externaltools.gnu-tools-for-stm32.13.3.rel1.win32_1.0.0.202411081344/tools/bin/../lib/gcc/arm-none-eabi/13.3.1/../../../../arm-none-eabi/lib/thumb/v6-m/nofp\libc_nano.a(libc_a-writer.o)
                0x08014274                _write_r
 .text.__errno  0x0801429c        0xc C:/ST/STM32CubeIDE_1.18.0/STM32CubeIDE/plugins/com.st.stm32cube.ide.mcu.externaltools.gnu-tools-for-stm32.13.3.rel1.win32_1.0.0.202411081344/tools/bin/../lib/gcc/arm-none-eabi/13.3.1/../../../../arm-none-eabi/lib/thumb/v6-m/nofp\libc_nano.a(libc_a-errno.o)
                0x0801429c                __errno
 .text.__libc_init_array
                0x080142a8       0x48 C:/ST/STM32CubeIDE_1.18.0/STM32CubeIDE/plugins/com.st.stm32cube.ide.mcu.externaltools.gnu-tools-for-stm32.13.3.rel1.win32_1.0.0.202411081344/tools/bin/../lib/gcc/arm-none-eabi/13.3.1/../../../../arm-none-eabi/lib/thumb/v6-m/nofp\libc_nano.a(libc_a-init.o)
                0x080142a8                __libc_init_array
 .text.__retarget_lock_init_recursive
                0x080142f0        0x2 C:/ST/STM32CubeIDE_1.18.0/STM32CubeIDE/plugins/com.st.stm32cube.ide.mcu.externaltools.gnu-tools-for-stm32.13.3.rel1.win32_1.0.0.202411081344/tools/bin/../lib/gcc/arm-none-eabi/13.3.1/../../../../arm-none-eabi/lib/thumb/v6-m/nofp\libc_nano.a(libc_a-lock.o)
                0x080142f0                __retarget_lock_init_recursive
 .text.__retarget_lock_acquire_recursive
                0x080142f2        0x2 C:/ST/STM32CubeIDE_1.18.0/STM32CubeIDE/plugins/com.st.stm32cube.ide.mcu.externaltools.gnu-tools-for-stm32.13.3.rel1.win32_1.0.0.202411081344/tools/bin/../lib/gcc/arm-none-eabi/13.3.1/../../../../arm-none-eabi/lib/thumb/v6-m/nofp\libc_nano.a(libc_a-lock.o)
                0x080142f2                __retarget_lock_acquire_recursive
 .text.__retarget_lock_release_recursive
                0x080142f4        0x2 C:/ST/STM32CubeIDE_1.18.0/STM32CubeIDE/plugins/com.st.stm32cube.ide.mcu.externaltools.gnu-tools-for-stm32.13.3.rel1.win32_1.0.0.202411081344/tools/bin/../lib/gcc/arm-none-eabi/13.3.1/../../../../arm-none-eabi/lib/thumb/v6-m/nofp\libc_nano.a(libc_a-lock.o)
                0x080142f4                __retarget_lock_release_recursive
 .text.strcpy   0x080142f6       0x10 C:/ST/STM32CubeIDE_1.18.0/STM32CubeIDE/plugins/com.st.stm32cube.ide.mcu.externaltools.gnu-tools-for-stm32.13.3.rel1.win32_1.0.0.202411081344/tools/bin/../lib/gcc/arm-none-eabi/13.3.1/../../../../arm-none-eabi/lib/thumb/v6-m/nofp\libc_nano.a(libc_a-strcpy.o)
                0x080142f6                strcpy
 .text.memchr   0x08014306       0x16 C:/ST/STM32CubeIDE_1.18.0/STM32CubeIDE/plugins/com.st.stm32cube.ide.mcu.externaltools.gnu-tools-for-stm32.13.3.rel1.win32_1.0.0.202411081344/tools/bin/../lib/gcc/arm-none-eabi/13.3.1/../../../../arm-none-eabi/lib/thumb/v6-m/nofp\libc_nano.a(libc_a-memchr-stub.o)
                0x08014306                memchr
 .text.memcpy   0x0801431c       0x12 C:/ST/STM32CubeIDE_1.18.0/STM32CubeIDE/plugins/com.st.stm32cube.ide.mcu.externaltools.gnu-tools-for-stm32.13.3.rel1.win32_1.0.0.202411081344/tools/bin/../lib/gcc/arm-none-eabi/13.3.1/../../../../arm-none-eabi/lib/thumb/v6-m/nofp\libc_nano.a(libc_a-memcpy-stub.o)
                0x0801431c                memcpy
 *fill*         0x0801432e        0x2 
 .text.nan      0x08014330        0xc C:/ST/STM32CubeIDE_1.18.0/STM32CubeIDE/plugins/com.st.stm32cube.ide.mcu.externaltools.gnu-tools-for-stm32.13.3.rel1.win32_1.0.0.202411081344/tools/bin/../lib/gcc/arm-none-eabi/13.3.1/../../../../arm-none-eabi/lib/thumb/v6-m/nofp\libc_nano.a(libm_a-s_nan.o)
                0x08014330                nan
 .text.__assert_func
                0x0801433c       0x3c C:/ST/STM32CubeIDE_1.18.0/STM32CubeIDE/plugins/com.st.stm32cube.ide.mcu.externaltools.gnu-tools-for-stm32.13.3.rel1.win32_1.0.0.202411081344/tools/bin/../lib/gcc/arm-none-eabi/13.3.1/../../../../arm-none-eabi/lib/thumb/v6-m/nofp\libc_nano.a(libc_a-assert.o)
                0x0801433c                __assert_func
 .text.quorem   0x08014378      0x10a C:/ST/STM32CubeIDE_1.18.0/STM32CubeIDE/plugins/com.st.stm32cube.ide.mcu.externaltools.gnu-tools-for-stm32.13.3.rel1.win32_1.0.0.202411081344/tools/bin/../lib/gcc/arm-none-eabi/13.3.1/../../../../arm-none-eabi/lib/thumb/v6-m/nofp\libc_nano.a(libc_a-dtoa.o)
 *fill*         0x08014482        0x2 
 .text._dtoa_r  0x08014484      0xbe0 C:/ST/STM32CubeIDE_1.18.0/STM32CubeIDE/plugins/com.st.stm32cube.ide.mcu.externaltools.gnu-tools-for-stm32.13.3.rel1.win32_1.0.0.202411081344/tools/bin/../lib/gcc/arm-none-eabi/13.3.1/../../../../arm-none-eabi/lib/thumb/v6-m/nofp\libc_nano.a(libc_a-dtoa.o)
                0x08014484                _dtoa_r
 .text._free_r  0x08015064       0x94 C:/ST/STM32CubeIDE_1.18.0/STM32CubeIDE/plugins/com.st.stm32cube.ide.mcu.externaltools.gnu-tools-for-stm32.13.3.rel1.win32_1.0.0.202411081344/tools/bin/../lib/gcc/arm-none-eabi/13.3.1/../../../../arm-none-eabi/lib/thumb/v6-m/nofp\libc_nano.a(libc_a-freer.o)
                0x08015064                _free_r
 .text.rshift   0x080150f8       0xa6 C:/ST/STM32CubeIDE_1.18.0/STM32CubeIDE/plugins/com.st.stm32cube.ide.mcu.externaltools.gnu-tools-for-stm32.13.3.rel1.win32_1.0.0.202411081344/tools/bin/../lib/gcc/arm-none-eabi/13.3.1/../../../../arm-none-eabi/lib/thumb/v6-m/nofp\libc_nano.a(libc_a-gdtoa-gethex.o)
 .text.__hexdig_fun
                0x0801519e       0x2a C:/ST/STM32CubeIDE_1.18.0/STM32CubeIDE/plugins/com.st.stm32cube.ide.mcu.externaltools.gnu-tools-for-stm32.13.3.rel1.win32_1.0.0.202411081344/tools/bin/../lib/gcc/arm-none-eabi/13.3.1/../../../../arm-none-eabi/lib/thumb/v6-m/nofp\libc_nano.a(libc_a-gdtoa-gethex.o)
                0x0801519e                __hexdig_fun
 .text.__gethex
                0x080151c8      0x448 C:/ST/STM32CubeIDE_1.18.0/STM32CubeIDE/plugins/com.st.stm32cube.ide.mcu.externaltools.gnu-tools-for-stm32.13.3.rel1.win32_1.0.0.202411081344/tools/bin/../lib/gcc/arm-none-eabi/13.3.1/../../../../arm-none-eabi/lib/thumb/v6-m/nofp\libc_nano.a(libc_a-gdtoa-gethex.o)
                0x080151c8                __gethex
 .text.L_shift  0x08015610       0x24 C:/ST/STM32CubeIDE_1.18.0/STM32CubeIDE/plugins/com.st.stm32cube.ide.mcu.externaltools.gnu-tools-for-stm32.13.3.rel1.win32_1.0.0.202411081344/tools/bin/../lib/gcc/arm-none-eabi/13.3.1/../../../../arm-none-eabi/lib/thumb/v6-m/nofp\libc_nano.a(libc_a-gdtoa-hexnan.o)
 .text.__match  0x08015634       0x28 C:/ST/STM32CubeIDE_1.18.0/STM32CubeIDE/plugins/com.st.stm32cube.ide.mcu.externaltools.gnu-tools-for-stm32.13.3.rel1.win32_1.0.0.202411081344/tools/bin/../lib/gcc/arm-none-eabi/13.3.1/../../../../arm-none-eabi/lib/thumb/v6-m/nofp\libc_nano.a(libc_a-gdtoa-hexnan.o)
                0x08015634                __match
 .text.__hexnan
                0x0801565c      0x150 C:/ST/STM32CubeIDE_1.18.0/STM32CubeIDE/plugins/com.st.stm32cube.ide.mcu.externaltools.gnu-tools-for-stm32.13.3.rel1.win32_1.0.0.202411081344/tools/bin/../lib/gcc/arm-none-eabi/13.3.1/../../../../arm-none-eabi/lib/thumb/v6-m/nofp\libc_nano.a(libc_a-gdtoa-hexnan.o)
                0x0801565c                __hexnan
 .text.malloc   0x080157ac       0x14 C:/ST/STM32CubeIDE_1.18.0/STM32CubeIDE/plugins/com.st.stm32cube.ide.mcu.externaltools.gnu-tools-for-stm32.13.3.rel1.win32_1.0.0.202411081344/tools/bin/../lib/gcc/arm-none-eabi/13.3.1/../../../../arm-none-eabi/lib/thumb/v6-m/nofp\libc_nano.a(libc_a-malloc.o)
                0x080157ac                malloc
 .text.sbrk_aligned
                0x080157c0       0x44 C:/ST/STM32CubeIDE_1.18.0/STM32CubeIDE/plugins/com.st.stm32cube.ide.mcu.externaltools.gnu-tools-for-stm32.13.3.rel1.win32_1.0.0.202411081344/tools/bin/../lib/gcc/arm-none-eabi/13.3.1/../../../../arm-none-eabi/lib/thumb/v6-m/nofp\libc_nano.a(libc_a-mallocr.o)
 .text._malloc_r
                0x08015804      0x100 C:/ST/STM32CubeIDE_1.18.0/STM32CubeIDE/plugins/com.st.stm32cube.ide.mcu.externaltools.gnu-tools-for-stm32.13.3.rel1.win32_1.0.0.202411081344/tools/bin/../lib/gcc/arm-none-eabi/13.3.1/../../../../arm-none-eabi/lib/thumb/v6-m/nofp\libc_nano.a(libc_a-mallocr.o)
                0x08015804                _malloc_r
 .text.__ascii_mbtowc
                0x08015904       0x24 C:/ST/STM32CubeIDE_1.18.0/STM32CubeIDE/plugins/com.st.stm32cube.ide.mcu.externaltools.gnu-tools-for-stm32.13.3.rel1.win32_1.0.0.202411081344/tools/bin/../lib/gcc/arm-none-eabi/13.3.1/../../../../arm-none-eabi/lib/thumb/v6-m/nofp\libc_nano.a(libc_a-mbtowc_r.o)
                0x08015904                __ascii_mbtowc
 .text.__malloc_lock
                0x08015928       0x10 C:/ST/STM32CubeIDE_1.18.0/STM32CubeIDE/plugins/com.st.stm32cube.ide.mcu.externaltools.gnu-tools-for-stm32.13.3.rel1.win32_1.0.0.202411081344/tools/bin/../lib/gcc/arm-none-eabi/13.3.1/../../../../arm-none-eabi/lib/thumb/v6-m/nofp\libc_nano.a(libc_a-mlock.o)
                0x08015928                __malloc_lock
 .text.__malloc_unlock
                0x08015938       0x10 C:/ST/STM32CubeIDE_1.18.0/STM32CubeIDE/plugins/com.st.stm32cube.ide.mcu.externaltools.gnu-tools-for-stm32.13.3.rel1.win32_1.0.0.202411081344/tools/bin/../lib/gcc/arm-none-eabi/13.3.1/../../../../arm-none-eabi/lib/thumb/v6-m/nofp\libc_nano.a(libc_a-mlock.o)
                0x08015938                __malloc_unlock
 .text._Balloc  0x08015948       0x88 C:/ST/STM32CubeIDE_1.18.0/STM32CubeIDE/plugins/com.st.stm32cube.ide.mcu.externaltools.gnu-tools-for-stm32.13.3.rel1.win32_1.0.0.202411081344/tools/bin/../lib/gcc/arm-none-eabi/13.3.1/../../../../arm-none-eabi/lib/thumb/v6-m/nofp\libc_nano.a(libc_a-mprec.o)
                0x08015948                _Balloc
 .text._Bfree   0x080159d0       0x48 C:/ST/STM32CubeIDE_1.18.0/STM32CubeIDE/plugins/com.st.stm32cube.ide.mcu.externaltools.gnu-tools-for-stm32.13.3.rel1.win32_1.0.0.202411081344/tools/bin/../lib/gcc/arm-none-eabi/13.3.1/../../../../arm-none-eabi/lib/thumb/v6-m/nofp\libc_nano.a(libc_a-mprec.o)
                0x080159d0                _Bfree
 .text.__multadd
                0x08015a18       0x88 C:/ST/STM32CubeIDE_1.18.0/STM32CubeIDE/plugins/com.st.stm32cube.ide.mcu.externaltools.gnu-tools-for-stm32.13.3.rel1.win32_1.0.0.202411081344/tools/bin/../lib/gcc/arm-none-eabi/13.3.1/../../../../arm-none-eabi/lib/thumb/v6-m/nofp\libc_nano.a(libc_a-mprec.o)
                0x08015a18                __multadd
 .text.__s2b    0x08015aa0       0x98 C:/ST/STM32CubeIDE_1.18.0/STM32CubeIDE/plugins/com.st.stm32cube.ide.mcu.externaltools.gnu-tools-for-stm32.13.3.rel1.win32_1.0.0.202411081344/tools/bin/../lib/gcc/arm-none-eabi/13.3.1/../../../../arm-none-eabi/lib/thumb/v6-m/nofp\libc_nano.a(libc_a-mprec.o)
                0x08015aa0                __s2b
 .text.__hi0bits
                0x08015b38       0x42 C:/ST/STM32CubeIDE_1.18.0/STM32CubeIDE/plugins/com.st.stm32cube.ide.mcu.externaltools.gnu-tools-for-stm32.13.3.rel1.win32_1.0.0.202411081344/tools/bin/../lib/gcc/arm-none-eabi/13.3.1/../../../../arm-none-eabi/lib/thumb/v6-m/nofp\libc_nano.a(libc_a-mprec.o)
                0x08015b38                __hi0bits
 .text.__lo0bits